OK http://minisv.vip/ 308 -> https://minisv.vip/
OK /api/courseware/text-editions/module-thinking-p1?base=2026.09.22-p1-r13 401
OK /api/courseware/text-editions/ligun-p2?base=2026.09.22-p2-r6 401
OK / 200
OK /world-preview.json 200
OK /world/ 200
OK /course/ 307
OK /studio/ 308
OK /console/ 307
OK /terminal/ 307
OK /homework/first-game/ 200
OK /homework/first-game/submissions/ 200
OK /homework/ai-daily-quiz/ 200
OK /homework/ai-daily-quiz/submissions/ 307
OK /courseware/product-mentor-foundations/ 401
OK /courseware/product-mentor-foundations/r1/ 401
OK /courseware/development-mentor-ligun/ 401
OK /courseware/development-mentor-module-thinking/audience/ 401
OK /courseware/development-mentor-module-thinking/teacher/presenter.html 401
OK /courseware/development-mentor-module-thinking/r5/audience/ 401
OK /courseware/development-mentor-module-thinking/r6/audience/ 401
OK /courseware/development-mentor-module-thinking/r7/audience/ 401
OK /courseware/development-mentor-module-thinking/r8/audience/ 401
OK /courseware/development-mentor-module-thinking/r9/audience/ 401
OK /courseware/development-mentor-module-thinking/r10/audience/ 401
OK /courseware/development-mentor-module-thinking/r11/audience/ 401
OK /courseware/development-mentor-module-thinking/r12/audience/ 401
OK /courseware/development-mentor-module-thinking/r13/audience/ 401
OK /courseware/development-mentor-module-thinking/r5/teacher/presenter.html 401
OK /courseware/development-mentor-module-thinking/r6/teacher/presenter.html 401
OK /courseware/development-mentor-module-thinking/r7/teacher/presenter.html 401
OK /courseware/development-mentor-module-thinking/r8/teacher/presenter.html 401
OK /courseware/development-mentor-module-thinking/r9/teacher/presenter.html 401
OK /courseware/development-mentor-module-thinking/r10/teacher/presenter.html 401
OK /courseware/development-mentor-module-thinking/r11/teacher/presenter.html 401
OK /courseware/development-mentor-module-thinking/r12/teacher/presenter.html 401
OK /courseware/development-mentor-module-thinking/r13/teacher/presenter.html 401
OK /courseware/development-mentor-module-thinking/r5/teacher/presenter-notes.js 401
OK /courseware/development-mentor-module-thinking/r6/teacher/presenter-notes.js 401
OK /courseware/development-mentor-module-thinking/r7/teacher/presenter-notes.js 401
OK /courseware/development-mentor-module-thinking/r8/teacher/presenter-notes.js 401
OK /courseware/development-mentor-module-thinking/r9/teacher/presenter-notes.js 401
OK /courseware/development-mentor-module-thinking/r10/teacher/presenter-notes.js 401
OK /courseware/development-mentor-module-thinking/r11/teacher/presenter-notes.js 401
OK /courseware/development-mentor-module-thinking/r12/teacher/presenter-notes.js 401
OK /courseware/development-mentor-module-thinking/r13/teacher/presenter-notes.js 401
OK /courseware/development-mentor-ligun/r1/audience/ 401
OK /courseware/development-mentor-ligun/r2/audience/ 401
OK /courseware/development-mentor-ligun/r3/audience/ 401
OK /courseware/development-mentor-ligun/r4/audience/ 401
OK /courseware/development-mentor-ligun/r5/audience/ 401
OK /courseware/development-mentor-ligun/r6/audience/ 401
OK /courseware/development-mentor-ligun/r1/teacher/presenter.html 401
OK /courseware/development-mentor-ligun/r2/teacher/presenter.html 401
OK /courseware/development-mentor-ligun/r3/teacher/presenter.html 401
OK /courseware/development-mentor-ligun/r4/teacher/presenter.html 401
OK /courseware/development-mentor-ligun/r5/teacher/presenter.html 401
OK /courseware/development-mentor-ligun/r6/teacher/presenter.html 401
OK /courseware/development-mentor-ligun/r1/teacher/presenter-notes.js 401
OK /courseware/development-mentor-ligun/r2/teacher/presenter-notes.js 401
OK /courseware/development-mentor-ligun/r3/teacher/presenter-notes.js 401
OK /courseware/development-mentor-ligun/r4/teacher/presenter-notes.js 401
OK /courseware/development-mentor-ligun/r5/teacher/presenter-notes.js 401
OK /courseware/development-mentor-ligun/r6/teacher/presenter-notes.js 401
OK /courseware/market-mentor-user-system/ 401
OK /course/development-mentor-ligun/?revision=0&slide=6&step=2 307
OK /framework/ 200
OK /parents/ 200
OK /incubator 308
OK /incubator/ 200
OK /incubator/projects/ 200
OK /incubator/projects/recitation/ 200
OK /incubator/projects/mistake-notebook/ 200
OK /incubator/projects/_shared/project-shell.css 200
OK /incubator/projects/_shared/phosphor/regular/Phosphor.woff2 200
OK /incubator/projects/recitation/assets/yueyanglou-pavilion.png 200
OK /incubator/projects/not-a-project/ 404
OK /workshop/ 307
OK /workshop/_source/index.html 404
OK /classroom/ 307
OK /auth/login 308
OK /auth/login/ 200
OK /auth/register/ 200
OK /auth/recover/ 200
OK /alpha/ 410
OK /control/ 410
OK /healthz 200
OK /release.json 200
OK /api/public/courses 200
OK /api/public/homework/first-game/submissions 200
OK /api/homework/ai-daily-quiz/submissions 401
OK /robots.txt 200
OK /sitemap.xml 200
OK /favicon.svg 200
OK /assets/mini-silicon-valley-logo-transparent.png 200
OK /og.png 200
OK /workshop/confirmed-baseline.json 307
OK /this-worldline-does-not-exist 404
MINISV_PUBLIC_SMOKE_OK
