
> mini-silicon-valley-world@1.0.0 test:course-platform
> npm run audit:todos && npm run check:course-projector && node --import tsx --test tests/course-content-review.test.ts tests/classroom-atomicity.test.ts tests/course-platform.test.ts tests/course-platform-routes.test.ts tests/course-registry-concurrency.test.ts tests/classroom-factory.test.ts tests/classroom-factory-readiness.test.ts tests/classroom-schema.test.ts tests/admin-dm-migration.test.ts tests/script-progress-migration.test.ts tests/account-switching-rbac.test.ts tests/browser-account-switching.test.ts tests/studio-data-scope.test.ts tests/admin-learner-management.test.ts tests/studio-editor-restoration.test.ts tests/studio-startup.test.ts tests/course-field-isolation.test.ts tests/course-multi-case.test.ts tests/course-projection-consistency.test.ts tests/public-course-projection.test.ts tests/classroom-script-runtime.test.ts tests/courseware-navigation.test.ts tests/courseware-groups.test.ts tests/courseware-text-editions.test.ts tests/courseware-versioning.test.ts tests/eleme-product-mentor-package.test.ts tests/development-mentor-package.test.ts tests/market-mentor-package.test.ts tests/course-submission.test.ts tests/course-acceptance-contract.test.ts tests/site-navigation-contract.test.ts tests/terminal-platform.test.ts tests/terminal-interface-contract.test.ts tests/homework-platform.test.ts tests/homework-interface-contract.test.ts tests/ai-daily-quiz-platform.test.ts tests/ai-daily-quiz-interface-contract.test.ts tests/managed-homework-platform.test.ts tests/incubator-projects.test.ts tests/console-information-architecture.test.ts tests/todo-registry.test.ts


> mini-silicon-valley-world@1.0.0 audit:todos
> tsx scripts/audit-todos.ts

Todo registry: 66 files
- T-109 [blocked] 重组官网、教学与内部入口，整合 World 并深层归档 Workshop
- T-110 [blocked] 全站排查普通点击不跳转，并优化 Studio 首屏课程加载
- T-129 [backlog] 全站统一网页图标：使用模块思维教师视图的黄色 M favicon
- T-132 [in-progress] 开发导师模块思维课件扩展：120 分钟 WHAT／WHY／HOW 与学生游戏模块设计
- T-133 [in-progress] 开发导师 P2：把模块描述组织进完整项目的立棍提示词
- T-088 [blocked] 将无实体键盘的 iPad／平板作为学员课堂一等设备
warning: 119-team-targeted-questionnaires-and-reusable-templates.md has 1 unchecked checkbox(es)
warning: 122-p1-module-thinking-html-deck-and-presenter-view.md has 1 unchecked checkbox(es)
warning: 123-public-portal-and-console-information-architecture.md has 2 unchecked checkbox(es)
warning: 124-learner-time-terminal-space-wallet-and-shop.md has 2 unchecked checkbox(es)
warning: 127-ai-quiz-homework-deployment-and-teacher-access.md has 9 unchecked checkbox(es)

> mini-silicon-valley-world@1.0.0 check:course-projector
> tsx scripts/generate-course-projector.ts --check

Generated course projector is current.
✔ Console-hosted Studio navigation is a real-link, route-derived and recoverable surface (3.579417ms)
✔ unified account menu uses the server-side browser set and never stores credentials (4.865667ms)
✔ homepage and protected shells share readable account semantics (2.636875ms)
✔ Test impersonation is server-scoped, short-lived and actor/effective audited (2.338459ms)
✔ Admin DM authority is primary/delegated and cannot recurse (1.0445ms)
✔ account recovery for test identities remains exact-room and one-time (0.854375ms)
(node:1594) ExperimentalWarning: SQLite is an experimental feature and might change at any time
(Use `node --trace-warnings ...` to show where the warning was created)
✔ T-087 backfill creates one Primary, converts legacy peers and never resurrects a revoked grant (4.058042ms)
(node:1595) ExperimentalWarning: SQLite is an experimental feature and might change at any time
(Use `node --trace-warnings ...` to show where the warning was created)
✔ T-114 Admin creates, searches and safely edits one stable learner identity (509.907416ms)
✔ T-114 password reset revokes sessions and old credentials (551.425291ms)
✔ T-114 deletion is real only without history and numbered usernames are never recycled (387.110708ms)
✔ T-121 Admin batch deletion removes only safe selected learners and reports retained history (434.082875ms)
✔ T-121 deletion refuses to erase T-124 terminal assets, public space or ledger history (339.778917ms)
✔ T-114 learner CRUD is platform-Admin only, never inherited from mentor or classroom DM identity (287.396ms)
✔ AI quiz is public to answer but staff-only to review (1.991ms)
✔ AI quiz keeps real mouse, keyboard and touch controls with server results (0.311916ms)
(node:1597) ExperimentalWarning: SQLite is an experimental feature and might change at any time
(Use `node --trace-warnings ...` to show where the warning was created)
✔ AI daily quiz preserves the audited 7-day, 35-question source (0.640208ms)
✔ AI daily quiz scores on the server, replays idempotently and lists independent submissions (10.289792ms)
✔ AI daily quiz rejects missing identity, incomplete answers and invalid days (6.862291ms)
✔ AI daily quiz submissions are append-only at the database boundary (13.552292ms)
(node:1598) ExperimentalWarning: SQLite is an experimental feature and might change at any time
(Use `node --trace-warnings ...` to show where the warning was created)
✔ T-106 keeps two verified accounts server-side and switches without either password (299.039791ms)
✔ T-106 rejects stale, expired and password-invalidated switches without losing the current account (259.882417ms)
✔ T-106 removes one account independently and logout-all revokes the whole browser set (206.062ms)
✔ T-106 password change keeps the current set credential and invalidates other browser sets (297.831583ms)
✔ T-106 retains expired account metadata for targeted reauthentication (197.283041ms)
✔ T-106 revokes an empty browser set inside the final-account mutation (149.761042ms)
(node:1599) ExperimentalWarning: SQLite is an experimental feature and might change at any time
(Use `node --trace-warnings ...` to show where the warning was created)
✔ T-105 scopes Studio classroom indexes to assigned mentors and redacts acceptance summaries (552.555292ms)
✔ applyScriptAction couples progress, lifecycle, and audit writes atomically (228.550083ms)
✔ two mentors racing one script version produce exactly one complete mutation (187.018292ms)
✔ v3 final unlock stays running and explicit finish is atomic and idempotent (271.517875ms)
✔ completion evidence is optional unless the exact CourseDefinition explicitly requires it (246.978334ms)
✔ submission CAS is idempotent, rejects a reused key, and rolls back every failed write prefix (305.748333ms)
✔ review CAS rolls back payload, status, revision and audit at every write node (349.108625ms)
✔ reset rolls back at every write node and invalidates old-run unlocks and submissions (907.937208ms)
✔ multiple Test Classrooms coexist across the same exact version and a later Candidate (357.015417ms)
✔ dependency-free Test Classroom deletion is atomic, physical, idempotent and globally isolated (222.382084ms)
✔ an unreferenced archived Test Classroom can be deleted without weakening the archive guard (173.66925ms)
✔ Test Classroom archive is atomic, idempotent, immutable, isolated and read-only (214.398167ms)
✔ Production Classroom cannot enter the Test archive lifecycle (167.443917ms)
✔ archiving retains a UI receipt as historical evidence but invalidates future release use (254.306208ms)
✔ runtime source discards stale requests and keeps drafts scoped outside URLs and logs (0.428292ms)
✔ delayed B01, old role, and old-run responses cannot replace the current UI (0.074542ms)
✔ device drafts are isolated by actor, role view, classroom, run, seat, block and schema (0.0985ms)
✔ no course and requested exact preview are reported (1.591541ms)
✔ missing or invalid View receipt exposes concrete reasons (0.189208ms)
✔ production requires Released course and UI receipt (0.105708ms)
✔ current mentor courseware availability is independent from the selected script version and UI receipt (0.085958ms)
✔ mentor and learner omissions or duplicates are blocked (1.551958ms)
✔ Admin lock, and fully ready Test/Production checklists (0.126083ms)
✔ exactPreviewHref preserves exact encoded query (0.062667ms)
✔ Test and Production use one factory plan and the same state-machine version (3.052708ms)
✔ Production refuses Candidate and Test accepts Candidate (0.352083ms)
✔ every classroom requires an exact ViewAcceptanceReceipt (0.22175ms)
✔ factory requires exact four distinct mentor roles and exact learner count (0.327083ms)
✔ external factory validation does not bind or compare mentor courseware versions (0.132583ms)
✔ courseware bundle digest is canonical across API and DB property order (7.393958ms)
✔ Admin DM is a permission and can overlap a mentor without creating a fifth role (0.192125ms)
✔ script unlock frontier is versioned, sequential and classroom-local (0.199917ms)
✔ an explicit Test reset is the only operation that advances run identity and deal seed (0.173ms)
✔ initial D1 migration contains the complete classroom domain (1.282041ms)
✔ runtime schema bootstrap is idempotent and exactly mirrors the migration (1.895166ms)
✔ unified course factory keeps release, courseware, permissions and script progress exact (0.897166ms)
✔ simplified account and team migration retires old credentials without deleting audit history (0.211ms)
✔ hosting and worker expose the logical DB binding (0.044ms)
✔ store enforces server-side membership, DM gates, atomic ledger and privacy projection (0.145083ms)
✔ runtime treats unlock frontier and each browser cursor as separate systems (7.87725ms)
✔ T-093 Classroom progress segments invoke only existing personal navigation (0.535625ms)
✔ keyboard navigation never steals arrows from editable controls (0.422041ms)
✔ Test role tabs are exhaustive while Production rejects the viewAs contract (1.361292ms)
✔ T-094 exposes one exact runtime identity and preserves projector card order (1.523875ms)
✔ the Classroom Center uses native browser link semantics (0.844625ms)
✔ T-113 runtime member replacement searches server-side without widening account scope (1.425958ms)
✔ Stage 1 exposes complete private fields by hover or an explicit pinned expansion (0.388583ms)
✔ T-123 provides the public, learner-service and internal Console route families (0.426333ms)
✔ T-123 enforces Console RBAC on the server and leaves personal surfaces separate (1.144167ms)
✔ portable account controls keep their color tokens and readable foregrounds inside Console (1.211208ms)
✔ T-123 keeps public navigation cache-safe and reveals Workbench only from account projection (1.191583ms)
✔ T-123 legacy Studio pages are redirects, not a second maintained UI (2.928542ms)
✔ T-123 deployment gateway and internal deep links use the same route split (2.148ms)
✔ UI acceptance checklist is a stable, canonical sixteen-item contract (0.378ms)
✔ acceptance checklist documentation matches the canonical renderer (7.18375ms)
✔ ClassroomRuntime consumes the shared checklist contract (5.862375ms)
✔ build identity and projector/runtime contracts are present (4.633ms)
(node:1606) ExperimentalWarning: SQLite is an experimental feature and might change at any time
(Use `node --trace-warnings ...` to show where the warning was created)
✔ course review workbench lists authored open items without mutating the CourseDefinition (131.62275ms)
✔ explicit revision-required and reopen decisions block release while exclusion never masquerades as fixed (90.442625ms)
✔ source-added requires a traceable reference and terminal decisions require explicit reopen (156.160209ms)
✔ course review writes are CAS-safe, idempotent, exact-version scoped and append-only (79.400791ms)
✔ T-095 migration creates six stable, independent seat fields (16.243375ms)
✔ seat, mentor, card and explicit global aliases update in isolation (20.550709ms)
✔ legacy course-period alias remains readable but normalization removes the old single-case coupling (6.222459ms)
✔ six-to-four migration retains inactive seats and rejects malformed models (5.440042ms)
✔ 2/4/6 projections and unique dealing satisfy learner policy (43.315584ms)
✔ one neutral course validates two historical cases and one source-free simulation (5.062875ms)
✔ multi-case ownership rejects duplicate identities, crossed facts and unknown default case (3.969417ms)
✔ renaming the course does not rewrite case, cards, sources or stable course id (4.983791ms)
✔ Studio names courses by teaching theme and does not re-couple cloned cases (0.754042ms)
✔ T-085 route surface exists and has no legacy navigation dependency (5.939792ms)
✔ T-122 publishes a second D-mentor deck without replacing the classroom default and protects teacher notes (1.64825ms)
✔ T-086 navigation names the two acceptance gates and keeps UI preview on real Test Classroom routes (4.138959ms)
✔ T-096 makes /course/ a registry-backed Released library for real learners and mentors (1.127958ms)
✔ T-100 separates author Candidate preview, historical releases and latest classroom playback (0.800125ms)
✔ exact Studio preview login preserves course, revision and digest (0.29225ms)
✔ T-086 release and factory APIs enforce two exact acceptance receipts (0.318584ms)
✔ T-111 exposes exact Test Classroom creation, archive, and dependency-gated deletion (2.609583ms)
✔ T-099 Candidate API and editor require an exact base and expose a non-destructive conflict flow (1.885833ms)
✔ gateway owns Console, Terminal, Studio compatibility, Course and per-classroom routes (0.2255ms)
✔ the opaque P-mentor r0/r1/r2 identities are pinned consistently across build, runtime and package metadata (1.564541ms)
✔ one-time managed credentials are blocked from platform data until password replacement (0.427917ms)
✔ shared screen reads a dedicated allow-list projection instead of the private seat payload (0.388625ms)
✔ trusted mentors can bootstrap a classroom and become its scoped Admin DM (0.396958ms)
✔ retired POST endpoints drain request bodies before returning tombstones (0.960458ms)
✔ T-105 scopes Studio bootstrap data and permanently tombstones the legacy classroom API (2.302083ms)
✔ T-104 keeps course review decisions exact and parent QA review behind a server-only proxy (0.888167ms)
✔ legacy course definitions receive a bounded learner policy without mutating their exact JSON (4.536792ms)
✔ one projector renders 4 mentors + N learners + one controller for N=2,4,6 (8.665708ms)
✔ learner private-card views are deterministic and isolated (1.811459ms)
✔ capacity and range failures explain the exact gap and fail closed (4.352125ms)
✔ learner tasks beyond learner04 come from the generic template, never fake fixed seats (5.399833ms)
✔ course identity and default case identity are independent (1.069458ms)
✔ repeat-when-needed deals intentionally repeat a non-empty small deck (8.354417ms)
✔ generated browser projector is the same source contract across all 195 T-095 role scenarios (642.687625ms)
✔ checkpoint-owned deck selection remains exact when the macro step points elsewhere (5.540458ms)
✔ invalid authoring scenarios are explicit on both sides rather than silently clipped (7.778375ms)
✔ unknown blocks fail identically and never fall back to a macro-step deck (5.093333ms)
✔ repeat policy is deterministic while an empty repeat deck fails capacity explicitly (5.420042ms)
✔ browser preview fails closed when its generated core dependency is absent (1.570625ms)
(node:1612) ExperimentalWarning: SQLite is an experimental feature and might change at any time
(Use `node --trace-warnings ...` to show where the warning was created)
✔ Studio startup reads current exact snapshots; history bodies are loaded only on demand (625.544458ms)
ℹ {"fullVersions":14,"currentVersions":3,"fullBytes":2923204,"currentBytes":531743,"fullMs":78.68550000000005,"currentMs":17.08345799999995}
✔ current-only Studio reads still verify each returned exact body digest (16.321333ms)
✔ sequential stale editors cannot overwrite a newer exact Candidate (43.393291ms)
✔ two writers racing from one base produce one success and no orphan pointer (48.079792ms)
✔ same body retry is idempotent even when the caller did not receive the first response (46.777625ms)
✔ restoring an identical historical body creates a new immutable revision (46.997334ms)
✔ field-model normalization is written and immediately readable through the exact ref (24.622667ms)
✔ database exact guards reject digest mismatches without changing immutable history (20.546542ms)
✔ migration preflight aborts instead of repairing a legacy mismatched pointer (3.790916ms)
✔ Candidate save winning before release commit makes the checked release fail closed (57.245375ms)
✔ learner ProductBrief projection omits mentor-only rubric and prompts (0.412375ms)
✔ P mentor ProductBrief projection keeps the exact review rubric (0.385292ms)
✔ structured values reject unknown, missing, short and oversized fields (0.506625ms)
✔ stored payload parsing fails closed and renders a deterministic plain-text fallback (0.316625ms)
✔ DevelopmentStick projection and item counts remain enforceable on touch-friendly list fields (0.280458ms)
✔ groups courseware into the fixed mentor groups without changing item identity (0.645292ms)
✔ keeps empty mentor groups for empty and partial input (0.068833ms)
✔ preserves non-development relative order and does not mutate input (0.075208ms)
✔ empty input and new D packages are retained, without guessing role from title (0.083291ms)
✔ static courseware hand-off preserves package launch mode and exact identity (0.561708ms)
✔ explicit deep links overlay defaults without producing a second question mark (0.106708ms)
✔ private presenter metadata is centralized and declared for both dual-screen D decks (0.098875ms)
✔ course library exposes the protected presenter to mentors without mixing it into the audience artifact (0.131833ms)
✔ all authenticated static entry routes redirect before rendering the old launch gate (0.550292ms)
(node:1616) ExperimentalWarning: SQLite is an experimental feature and might change at any time
(Use `node --trace-warnings ...` to show where the warning was created)
✔ server editions persist complete immutable snapshots and old editions remain readable (14.96725ms)
✔ CAS concurrent and stale saves do not overwrite another mentor (7.98ms)
✔ learner can read public text but cannot write; impersonation and observers cannot access editions (15.833709ms)
✔ base and field bounds reject invalid data, plain text is stored without executing HTML (10.699ms)
✔ restoring original text is a new edition; decks and bases are isolated (8.451416ms)
✔ shared-v1 carries an edit across bases and reports changed or removed originals (10.769334ms)
✔ shared-v1 CAS is global across bases while decks remain isolated (6.469125ms)
✔ shared history supports explicit zero and immutable old reads (11.809083ms)
✔ legacy bases are retired after a shared edition exists (8.558875ms)
(node:1617) ExperimentalWarning: SQLite is an experimental feature and might change at any time
(Use `node --trace-warnings ...` to show where the warning was created)
✔ bundled product-mentor r2 is current while exact r0/r1 remain playable (122.698417ms)
✔ a production-style r0 registry upgrades to bundled r2 without rewriting r0 (69.723208ms)
✔ publishing r1 retains historical r0 while the default pointer becomes r1 (150.291334ms)
✔ Candidate and system fallback visibility remain fail-closed (0.153833ms)
✔ a directory bundle round-trips exact bytes and finalization is idempotent (21.31425ms)
✔ bundle validation rejects traversal, archives, private keys, bad chunks and incomplete uploads (8.021333ms)
✔ migration fails closed on mismatched legacy refs and installs immutable exact guards (10.493959ms)
✔ 120-minute P1/P2 upgrade adds new URLs without rewriting historical registry identities (118.623333ms)
✔ T-090 composes P history with a source-free D simulation without rewriting T-091 (4.609833ms)
✔ the D incident deck has twelve short R cards in the required 3/3/2/2/2 categories (7.187917ms)
✔ D owns four stable checkpoints and an exact 18-slide courseware binding (6.178958ms)
✔ the frozen D courseware manifest binds the exact local 18-slide bytes (33.971334ms)
✔ DevelopmentStick is a concrete ten-field D artifact handed to M at B09 (1.770958ms)
✔ 2, 4 and 6 learners receive persistent identity-free two-card views (12.296792ms)
✔ T-090 validation fails closed across source, ownership, schema and exact-courseware boundaries (6.054041ms)
✔ T-091 keeps immutable bundled r0 intact and adds an importable Candidate (13.98775ms)
✔ Ele.me CasePackage and historical ScriptPackage have one explicit P owner (1.425041ms)
✔ all F cards are enumerated by the evidence revision and R/G/U copy keeps its boundary (0.84925ms)
✔ T-091 validator rejects incomplete or mis-owned content packages (3.022083ms)
✔ T-091 validator rejects invalid handoffs and duplicate schema kinds (2.747ms)
✔ ProductBrief is a concrete 10-field P-owned artifact handed to D at B05 (1.112208ms)
✔ only the active mentor receives the current private script; D/M/O do not inherit P history (2.199958ms)
✔ declared P courseware exact ref fails closed without affecting other mentor toolkits (1.386542ms)
✔ T-091 machine inventory remains aligned with the auditable Candidate (12.335458ms)
✔ T-091 revalidation keeps P ownership and evidence boundaries in the T-095 unified Candidate (12.459041ms)
✔ T-119 keeps the form public while showing its archive entry only to staff (1.048917ms)
✔ T-119 keeps ten topics, gates part two, requires part one and removes image uploads (19.674584ms)
✔ T-119 explains the two-part homework and Silicon Valley coin rewards (0.19825ms)
✔ T-131 limits popup editing to real staff and preserves immutable revisions (0.696458ms)
(node:1622) ExperimentalWarning: SQLite is an experimental feature and might change at any time
(Use `node --trace-warnings ...` to show where the warning was created)
✔ T-119 requires the complete first part, ignores retired image fields and keeps independent submissions (13.804542ms)
✔ T-119 validates required identity, choices and input limits while preserving literal text (9.38125ms)
✔ T-119 submissions are append-only at the database boundary (6.942417ms)
✔ T-131 appends teacher revisions, exposes the latest snapshot and rejects stale saves (6.943542ms)
✔ T-124 publishes an incubator introduction and a direct two-project library (1.394917ms)
✔ T-124 exact runtime manifest admits every and only declared browser file (22.391917ms)
✔ T-124 projects are self-contained, branded, navigable and explicit about prototype scope (2.6085ms)
(node:1624) ExperimentalWarning: SQLite is an experimental feature and might change at any time
(Use `node --trace-warnings ...` to show where the warning was created)
✔ T-125 versions templates, freezes recipients and exact fields at delivery (12.914958ms)
✔ T-125 enforces learner/staff scope, required answers, feedback and closure (10.786458ms)
✔ T-125 blocks non-owner template edits while allowing admin override (10.404917ms)
✔ T-125 idempotency keys replay identical writes and reject altered payloads (7.103584ms)
✔ M user-system courseware is bound to its exact immutable bytes (1.637708ms)
✔ M user-system courseware contains 49 usable browser slides (0.787666ms)
✔ public summary accepts only a Released exact version and is an explicit allow-list (7.810084ms)
✔ public projection has no mutation path into CourseDefinition or the historical world (9.8085ms)
✔ anonymous catalog route reads only released public summaries (0.443916ms)
(node:1627) ExperimentalWarning: SQLite is an experimental feature and might change at any time
(Use `node --trace-warnings ...` to show where the warning was created)
✔ T-086 backfills the unlock frontier without touching activity or economy records (6.158833ms)
✔ T-086 migration is additive and contains no destructive data statement (0.168375ms)
✔ navigation baseline pages exist (0.415ms)
✔ core navigation uses real href-capable anchors (2.37575ms)
✔ Console, Studio, editor and classroom return loops retain real hrefs (0.953667ms)
✔ course exact preview links and auth/account return paths are source-backed (0.498959ms)
✔ retired routes are not reintroduced as navigation hrefs (0.856917ms)
✔ T-109 separates the public website, teaching services and internal history (0.572708ms)
(node:1629) ExperimentalWarning: SQLite is an experimental feature and might change at any time
(Use `node --trace-warnings ...` to show where the warning was created)
✔ T-113 mentor partial search stays scoped while exact admission and Admin search remain available (11.649292ms)
✔ T-105 open registration creates only an active learner and no classroom membership (80.968958ms)
✔ the full direct-edit Course Studio replaces the regressed summary-card editor (3.171084ms)
✔ editor-loader script ordering and failure surface are explicit and deterministic (0.464792ms)
✔ the restored editor speaks only to the versioned Studio API (0.927583ms)
✔ T-094 editor surfaces immutable data identity and does not fabricate it for a Working Copy (0.306417ms)
✔ the browser projector renders the same full editor for 4 mentors plus dynamic N learners (6.213542ms)
✔ desktop editor CSS preserves the old three-column workbench and responsive no-overlap fallbacks (0.960125ms)
✔ editor loader preloads all assets, executes in order, and is failure/duplicate safe (2.435ms)
✔ editor init does not block catalog/course opening on release-info loading (1.829459ms)
✔ NavigationLink emits a native anchor and preserves exact identity query (4.147125ms)
✔ T-124 exposes a refreshable terminal shell and every agreed app route (1.360083ms)
✔ terminal clock uses the requested local YYYY.MM.DD HH:mm format (1.221125ms)
✔ T-124 implements real APIs, public-space privacy, wallet isolation and designed confirmations (1.727958ms)
(node:1633) ExperimentalWarning: SQLite is an experimental feature and might change at any time
(Use `node --trace-warnings ...` to show where the warning was created)
✔ T-124 distinguishes uninitialized and zero wallets, isolates TEST assets (25.049083ms)
✔ T-124 purchase is atomic, retry-safe and cannot double-own one decoration (7.917459ms)
✔ T-124 grants enforce classroom scope, idempotency and append-only reversal (8.372166ms)
✔ T-124 public space contains only explicit public copy (6.690708ms)
✔ duplicate id is reported (1.414458ms)
✔ bad filename and status (0.339917ms)
✔ missing numeric filename prefix (0.233417ms)
✔ dangling references and missing sequential ids are reported (0.315875ms)
✔ blocked items require an explicit reason (0.223917ms)
✔ open summary (0.186958ms)
ℹ tests 235
ℹ suites 0
ℹ pass 235
ℹ fail 0
ℹ cancelled 0
ℹ skipped 0
ℹ todo 0
ℹ duration_ms 4603.877917
