
> mini-silicon-valley-world@1.0.0 test:course-platform
> npm run audit:todos && npm run check:course-projector && node --import tsx --test tests/course-content-review.test.ts tests/classroom-atomicity.test.ts tests/course-platform.test.ts tests/course-platform-routes.test.ts tests/course-registry-concurrency.test.ts tests/classroom-factory.test.ts tests/classroom-factory-readiness.test.ts tests/classroom-schema.test.ts tests/admin-dm-migration.test.ts tests/script-progress-migration.test.ts tests/account-switching-rbac.test.ts tests/browser-account-switching.test.ts tests/studio-data-scope.test.ts tests/admin-learner-management.test.ts tests/studio-editor-restoration.test.ts tests/studio-startup.test.ts tests/course-field-isolation.test.ts tests/course-multi-case.test.ts tests/course-projection-consistency.test.ts tests/public-course-projection.test.ts tests/classroom-script-runtime.test.ts tests/courseware-navigation.test.ts tests/courseware-groups.test.ts tests/courseware-text-editions.test.ts tests/courseware-versioning.test.ts tests/eleme-product-mentor-package.test.ts tests/development-mentor-package.test.ts tests/market-mentor-package.test.ts tests/course-submission.test.ts tests/course-acceptance-contract.test.ts tests/site-navigation-contract.test.ts tests/terminal-platform.test.ts tests/terminal-interface-contract.test.ts tests/homework-platform.test.ts tests/homework-interface-contract.test.ts tests/ai-daily-quiz-platform.test.ts tests/ai-daily-quiz-interface-contract.test.ts tests/managed-homework-platform.test.ts tests/incubator-projects.test.ts tests/console-information-architecture.test.ts tests/todo-registry.test.ts


> mini-silicon-valley-world@1.0.0 audit:todos
> tsx scripts/audit-todos.ts

Todo registry: 66 files
- T-109 [blocked] 重组官网、教学与内部入口，整合 World 并深层归档 Workshop
- T-110 [blocked] 全站排查普通点击不跳转，并优化 Studio 首屏课程加载
- T-129 [backlog] 全站统一网页图标：使用模块思维教师视图的黄色 M favicon
- T-132 [in-progress] 开发导师模块思维课件扩展：120 分钟 WHAT／WHY／HOW 与学生游戏模块设计
- T-133 [in-progress] 开发导师 P2：把模块描述组织进完整项目的立棍提示词
- T-088 [blocked] 将无实体键盘的 iPad／平板作为学员课堂一等设备
warning: 119-team-targeted-questionnaires-and-reusable-templates.md has 1 unchecked checkbox(es)
warning: 122-p1-module-thinking-html-deck-and-presenter-view.md has 1 unchecked checkbox(es)
warning: 123-public-portal-and-console-information-architecture.md has 2 unchecked checkbox(es)
warning: 124-learner-time-terminal-space-wallet-and-shop.md has 2 unchecked checkbox(es)
warning: 127-ai-quiz-homework-deployment-and-teacher-access.md has 9 unchecked checkbox(es)

> mini-silicon-valley-world@1.0.0 check:course-projector
> tsx scripts/generate-course-projector.ts --check

Generated course projector is current.
✔ Console-hosted Studio navigation is a real-link, route-derived and recoverable surface (2.704459ms)
✔ unified account menu uses the server-side browser set and never stores credentials (11.806166ms)
✔ homepage and protected shells share readable account semantics (7.246958ms)
✔ Test impersonation is server-scoped, short-lived and actor/effective audited (2.67425ms)
✔ Admin DM authority is primary/delegated and cannot recurse (1.818292ms)
✔ account recovery for test identities remains exact-room and one-time (3.256375ms)
(node:246) ExperimentalWarning: SQLite is an experimental feature and might change at any time
(Use `node --trace-warnings ...` to show where the warning was created)
✔ T-087 backfill creates one Primary, converts legacy peers and never resurrects a revoked grant (11.117375ms)
(node:247) ExperimentalWarning: SQLite is an experimental feature and might change at any time
(Use `node --trace-warnings ...` to show where the warning was created)
✔ T-114 Admin creates, searches and safely edits one stable learner identity (590.506458ms)
✔ T-114 password reset revokes sessions and old credentials (554.676292ms)
✔ T-114 deletion is real only without history and numbered usernames are never recycled (387.323292ms)
✔ T-121 Admin batch deletion removes only safe selected learners and reports retained history (425.992042ms)
✔ T-121 deletion refuses to erase T-124 terminal assets, public space or ledger history (330.860875ms)
✔ T-114 learner CRUD is platform-Admin only, never inherited from mentor or classroom DM identity (289.010583ms)
✔ AI quiz is public to answer but staff-only to review (4.014625ms)
✔ AI quiz keeps real mouse, keyboard and touch controls with server results (0.926542ms)
(node:249) ExperimentalWarning: SQLite is an experimental feature and might change at any time
(Use `node --trace-warnings ...` to show where the warning was created)
✔ AI daily quiz preserves the audited 7-day, 35-question source (0.672167ms)
✔ AI daily quiz scores on the server, replays idempotently and lists independent submissions (20.619375ms)
✔ AI daily quiz rejects missing identity, incomplete answers and invalid days (17.14425ms)
✔ AI daily quiz submissions are append-only at the database boundary (8.872583ms)
(node:250) ExperimentalWarning: SQLite is an experimental feature and might change at any time
(Use `node --trace-warnings ...` to show where the warning was created)
✔ T-106 keeps two verified accounts server-side and switches without either password (415.27975ms)
✔ T-106 rejects stale, expired and password-invalidated switches without losing the current account (266.099542ms)
✔ T-106 removes one account independently and logout-all revokes the whole browser set (203.018917ms)
✔ T-106 password change keeps the current set credential and invalidates other browser sets (295.493375ms)
✔ T-106 retains expired account metadata for targeted reauthentication (196.235291ms)
✔ T-106 revokes an empty browser set inside the final-account mutation (150.317834ms)
(node:251) ExperimentalWarning: SQLite is an experimental feature and might change at any time
(Use `node --trace-warnings ...` to show where the warning was created)
✔ T-105 scopes Studio classroom indexes to assigned mentors and redacts acceptance summaries (537.436542ms)
✔ applyScriptAction couples progress, lifecycle, and audit writes atomically (229.274167ms)
✔ two mentors racing one script version produce exactly one complete mutation (185.991333ms)
✔ v3 final unlock stays running and explicit finish is atomic and idempotent (270.805291ms)
✔ completion evidence is optional unless the exact CourseDefinition explicitly requires it (244.900083ms)
✔ submission CAS is idempotent, rejects a reused key, and rolls back every failed write prefix (297.237208ms)
✔ review CAS rolls back payload, status, revision and audit at every write node (340.573667ms)
✔ reset rolls back at every write node and invalidates old-run unlocks and submissions (903.968708ms)
✔ multiple Test Classrooms coexist across the same exact version and a later Candidate (352.212958ms)
✔ dependency-free Test Classroom deletion is atomic, physical, idempotent and globally isolated (244.270208ms)
✔ an unreferenced archived Test Classroom can be deleted without weakening the archive guard (168.571541ms)
✔ Test Classroom archive is atomic, idempotent, immutable, isolated and read-only (206.834542ms)
✔ Production Classroom cannot enter the Test archive lifecycle (171.006542ms)
✔ archiving retains a UI receipt as historical evidence but invalidates future release use (255.191708ms)
✔ runtime source discards stale requests and keeps drafts scoped outside URLs and logs (0.421083ms)
✔ delayed B01, old role, and old-run responses cannot replace the current UI (0.070708ms)
✔ device drafts are isolated by actor, role view, classroom, run, seat, block and schema (0.087125ms)
✔ no course and requested exact preview are reported (0.719042ms)
✔ missing or invalid View receipt exposes concrete reasons (0.145417ms)
✔ production requires Released course and UI receipt (0.094417ms)
✔ current mentor courseware availability is independent from the selected script version and UI receipt (0.091583ms)
✔ mentor and learner omissions or duplicates are blocked (0.752875ms)
✔ Admin lock, and fully ready Test/Production checklists (0.138917ms)
✔ exactPreviewHref preserves exact encoded query (0.070667ms)
✔ Test and Production use one factory plan and the same state-machine version (2.906ms)
✔ Production refuses Candidate and Test accepts Candidate (0.25275ms)
✔ every classroom requires an exact ViewAcceptanceReceipt (0.052125ms)
✔ factory requires exact four distinct mentor roles and exact learner count (0.063542ms)
✔ external factory validation does not bind or compare mentor courseware versions (0.080084ms)
✔ courseware bundle digest is canonical across API and DB property order (5.895083ms)
✔ Admin DM is a permission and can overlap a mentor without creating a fifth role (0.590667ms)
✔ script unlock frontier is versioned, sequential and classroom-local (0.28975ms)
✔ an explicit Test reset is the only operation that advances run identity and deal seed (0.117625ms)
✔ initial D1 migration contains the complete classroom domain (1.759666ms)
✔ runtime schema bootstrap is idempotent and exactly mirrors the migration (10.312625ms)
✔ unified course factory keeps release, courseware, permissions and script progress exact (1.448708ms)
✔ simplified account and team migration retires old credentials without deleting audit history (0.268917ms)
✔ hosting and worker expose the logical DB binding (0.055292ms)
✔ store enforces server-side membership, DM gates, atomic ledger and privacy projection (0.14775ms)
✔ runtime treats unlock frontier and each browser cursor as separate systems (7.669792ms)
✔ T-093 Classroom progress segments invoke only existing personal navigation (0.483875ms)
✔ keyboard navigation never steals arrows from editable controls (0.351417ms)
✔ Test role tabs are exhaustive while Production rejects the viewAs contract (1.135167ms)
✔ T-094 exposes one exact runtime identity and preserves projector card order (13.174917ms)
✔ the Classroom Center uses native browser link semantics (1.940834ms)
✔ T-113 runtime member replacement searches server-side without widening account scope (1.643958ms)
✔ Stage 1 exposes complete private fields by hover or an explicit pinned expansion (0.398459ms)
✔ T-123 provides the public, learner-service and internal Console route families (0.425625ms)
✔ T-123 enforces Console RBAC on the server and leaves personal surfaces separate (2.564875ms)
✔ portable account controls keep their color tokens and readable foregrounds inside Console (7.642167ms)
✔ T-123 keeps public navigation cache-safe and reveals Workbench only from account projection (0.332542ms)
✔ T-123 legacy Studio pages are redirects, not a second maintained UI (16.391375ms)
✔ T-123 deployment gateway and internal deep links use the same route split (1.760667ms)
✔ UI acceptance checklist is a stable, canonical sixteen-item contract (0.351917ms)
✔ acceptance checklist documentation matches the canonical renderer (8.664459ms)
✔ ClassroomRuntime consumes the shared checklist contract (2.430291ms)
✔ build identity and projector/runtime contracts are present (1.522292ms)
(node:258) ExperimentalWarning: SQLite is an experimental feature and might change at any time
(Use `node --trace-warnings ...` to show where the warning was created)
✔ course review workbench lists authored open items without mutating the CourseDefinition (191.402042ms)
✔ explicit revision-required and reopen decisions block release while exclusion never masquerades as fixed (196.948833ms)
✔ source-added requires a traceable reference and terminal decisions require explicit reopen (74.297833ms)
✔ course review writes are CAS-safe, idempotent, exact-version scoped and append-only (73.780708ms)
✔ T-095 migration creates six stable, independent seat fields (4.8315ms)
✔ seat, mentor, card and explicit global aliases update in isolation (49.376292ms)
✔ legacy course-period alias remains readable but normalization removes the old single-case coupling (5.19325ms)
✔ six-to-four migration retains inactive seats and rejects malformed models (4.211167ms)
✔ 2/4/6 projections and unique dealing satisfy learner policy (18.602959ms)
✔ one neutral course validates two historical cases and one source-free simulation (5.942792ms)
✔ multi-case ownership rejects duplicate identities, crossed facts and unknown default case (3.19025ms)
✔ renaming the course does not rewrite case, cards, sources or stable course id (2.716334ms)
✔ Studio names courses by teaching theme and does not re-couple cloned cases (1.42175ms)
✔ T-085 route surface exists and has no legacy navigation dependency (6.794375ms)
✔ T-122 publishes a second D-mentor deck without replacing the classroom default and protects teacher notes (1.177584ms)
✔ T-086 navigation names the two acceptance gates and keeps UI preview on real Test Classroom routes (1.500708ms)
✔ T-096 makes /course/ a registry-backed Released library for real learners and mentors (1.367333ms)
✔ T-100 separates author Candidate preview, historical releases and latest classroom playback (1.389709ms)
✔ exact Studio preview login preserves course, revision and digest (0.514041ms)
✔ T-086 release and factory APIs enforce two exact acceptance receipts (0.796583ms)
✔ T-111 exposes exact Test Classroom creation, archive, and dependency-gated deletion (1.529292ms)
✔ T-099 Candidate API and editor require an exact base and expose a non-destructive conflict flow (4.076792ms)
✔ gateway owns Console, Terminal, Studio compatibility, Course and per-classroom routes (0.256667ms)
✔ the opaque P-mentor r0/r1/r2 identities are pinned consistently across build, runtime and package metadata (1.558416ms)
✔ one-time managed credentials are blocked from platform data until password replacement (0.432ms)
✔ shared screen reads a dedicated allow-list projection instead of the private seat payload (2.371917ms)
✔ trusted mentors can bootstrap a classroom and become its scoped Admin DM (1.274541ms)
✔ retired POST endpoints drain request bodies before returning tombstones (0.893166ms)
✔ T-105 scopes Studio bootstrap data and permanently tombstones the legacy classroom API (2.417625ms)
✔ T-104 keeps course review decisions exact and parent QA review behind a server-only proxy (0.889875ms)
✔ legacy course definitions receive a bounded learner policy without mutating their exact JSON (2.429875ms)
✔ one projector renders 4 mentors + N learners + one controller for N=2,4,6 (4.657125ms)
✔ learner private-card views are deterministic and isolated (1.905542ms)
✔ capacity and range failures explain the exact gap and fail closed (2.383708ms)
✔ learner tasks beyond learner04 come from the generic template, never fake fixed seats (2.33225ms)
✔ course identity and default case identity are independent (1.097583ms)
✔ repeat-when-needed deals intentionally repeat a non-empty small deck (1.097167ms)
✔ generated browser projector is the same source contract across all 195 T-095 role scenarios (698.841708ms)
✔ checkpoint-owned deck selection remains exact when the macro step points elsewhere (5.781583ms)
✔ invalid authoring scenarios are explicit on both sides rather than silently clipped (8.80675ms)
✔ unknown blocks fail identically and never fall back to a macro-step deck (5.463917ms)
✔ repeat policy is deterministic while an empty repeat deck fails capacity explicitly (4.750791ms)
✔ browser preview fails closed when its generated core dependency is absent (1.316958ms)
(node:265) ExperimentalWarning: SQLite is an experimental feature and might change at any time
(Use `node --trace-warnings ...` to show where the warning was created)
✔ Studio startup reads current exact snapshots; history bodies are loaded only on demand (600.8245ms)
ℹ {"fullVersions":14,"currentVersions":3,"fullBytes":2923204,"currentBytes":531743,"fullMs":78.82762500000001,"currentMs":16.79779099999996}
✔ current-only Studio reads still verify each returned exact body digest (16.004416ms)
✔ sequential stale editors cannot overwrite a newer exact Candidate (44.227417ms)
✔ two writers racing from one base produce one success and no orphan pointer (44.199625ms)
✔ same body retry is idempotent even when the caller did not receive the first response (47.08375ms)
✔ restoring an identical historical body creates a new immutable revision (45.983916ms)
✔ field-model normalization is written and immediately readable through the exact ref (23.434375ms)
✔ database exact guards reject digest mismatches without changing immutable history (20.8025ms)
✔ migration preflight aborts instead of repairing a legacy mismatched pointer (3.595083ms)
✔ Candidate save winning before release commit makes the checked release fail closed (56.047875ms)
✔ learner ProductBrief projection omits mentor-only rubric and prompts (0.405042ms)
✔ P mentor ProductBrief projection keeps the exact review rubric (0.35675ms)
✔ structured values reject unknown, missing, short and oversized fields (0.409375ms)
✔ stored payload parsing fails closed and renders a deterministic plain-text fallback (0.236ms)
✔ DevelopmentStick projection and item counts remain enforceable on touch-friendly list fields (0.20775ms)
✔ groups courseware into the fixed mentor groups without changing item identity (0.705334ms)
✔ keeps empty mentor groups for empty and partial input (0.069459ms)
✔ preserves non-development relative order and does not mutate input (0.122583ms)
✔ empty input and new D packages are retained, without guessing role from title (0.24475ms)
✔ static courseware hand-off preserves package launch mode and exact identity (0.394292ms)
✔ explicit deep links overlay defaults without producing a second question mark (0.104667ms)
✔ private presenter metadata is centralized and declared for both dual-screen D decks (0.088958ms)
✔ course library exposes the protected presenter to mentors without mixing it into the audience artifact (0.121208ms)
✔ all authenticated static entry routes redirect before rendering the old launch gate (0.828083ms)
(node:271) ExperimentalWarning: SQLite is an experimental feature and might change at any time
(Use `node --trace-warnings ...` to show where the warning was created)
✔ server editions persist complete immutable snapshots and old editions remain readable (13.1145ms)
✔ CAS concurrent and stale saves do not overwrite another mentor (11.760417ms)
✔ learner can read public text but cannot write; impersonation and observers cannot access editions (9.399166ms)
✔ base and field bounds reject invalid data, plain text is stored without executing HTML (11.886875ms)
✔ restoring original text is a new edition; decks and bases are isolated (9.918375ms)
✔ shared-v1 carries an edit across bases and reports changed or removed originals (10.680833ms)
✔ shared-v1 CAS is global across bases while decks remain isolated (29.543792ms)
✔ shared history supports explicit zero and immutable old reads (6.627875ms)
✔ legacy bases are retired after a shared edition exists (7.91575ms)
(node:273) ExperimentalWarning: SQLite is an experimental feature and might change at any time
(Use `node --trace-warnings ...` to show where the warning was created)
✔ bundled product-mentor r2 is current while exact r0/r1 remain playable (95.395458ms)
✔ a production-style r0 registry upgrades to bundled r2 without rewriting r0 (34.780084ms)
✔ publishing r1 retains historical r0 while the default pointer becomes r1 (187.53475ms)
✔ Candidate and system fallback visibility remain fail-closed (0.110833ms)
✔ a directory bundle round-trips exact bytes and finalization is idempotent (21.699458ms)
✔ bundle validation rejects traversal, archives, private keys, bad chunks and incomplete uploads (7.041042ms)
✔ migration fails closed on mismatched legacy refs and installs immutable exact guards (8.952625ms)
✔ 120-minute P1/P2 upgrade adds new URLs without rewriting historical registry identities (127.482ms)
✔ T-090 composes P history with a source-free D simulation without rewriting T-091 (4.714042ms)
✔ the D incident deck has twelve short R cards in the required 3/3/2/2/2 categories (1.035291ms)
✔ D owns four stable checkpoints and an exact 18-slide courseware binding (1.345334ms)
✔ the frozen D courseware manifest binds the exact local 18-slide bytes (11.4225ms)
✔ DevelopmentStick is a concrete ten-field D artifact handed to M at B09 (2.901709ms)
✔ 2, 4 and 6 learners receive persistent identity-free two-card views (7.068666ms)
✔ T-090 validation fails closed across source, ownership, schema and exact-courseware boundaries (9.008417ms)
✔ T-091 keeps immutable bundled r0 intact and adds an importable Candidate (15.549ms)
✔ Ele.me CasePackage and historical ScriptPackage have one explicit P owner (0.906ms)
✔ all F cards are enumerated by the evidence revision and R/G/U copy keeps its boundary (0.733042ms)
✔ T-091 validator rejects incomplete or mis-owned content packages (2.578208ms)
✔ T-091 validator rejects invalid handoffs and duplicate schema kinds (3.093917ms)
✔ ProductBrief is a concrete 10-field P-owned artifact handed to D at B05 (3.2265ms)
✔ only the active mentor receives the current private script; D/M/O do not inherit P history (3.808416ms)
✔ declared P courseware exact ref fails closed without affecting other mentor toolkits (2.811875ms)
✔ T-091 machine inventory remains aligned with the auditable Candidate (1.271333ms)
✔ T-091 revalidation keeps P ownership and evidence boundaries in the T-095 unified Candidate (12.447ms)
✔ T-119 keeps the form public while showing its archive entry only to staff (1.146042ms)
✔ T-119 keeps ten topics, gates part two, requires part one and removes image uploads (3.62175ms)
✔ T-119 explains the two-part homework and Silicon Valley coin rewards (0.25475ms)
✔ T-131 limits popup editing to real staff and preserves immutable revisions (1.843542ms)
(node:278) ExperimentalWarning: SQLite is an experimental feature and might change at any time
(Use `node --trace-warnings ...` to show where the warning was created)
✔ T-119 requires the complete first part, ignores retired image fields and keeps independent submissions (10.059792ms)
✔ T-119 validates required identity, choices and input limits while preserving literal text (10.079959ms)
✔ T-119 submissions are append-only at the database boundary (12.169833ms)
✔ T-131 appends teacher revisions, exposes the latest snapshot and rejects stale saves (9.791458ms)
✔ T-124 publishes an incubator introduction and a direct two-project library (0.786542ms)
✔ T-124 exact runtime manifest admits every and only declared browser file (28.012334ms)
✔ T-124 projects are self-contained, branded, navigable and explicit about prototype scope (3.527709ms)
(node:283) ExperimentalWarning: SQLite is an experimental feature and might change at any time
(Use `node --trace-warnings ...` to show where the warning was created)
✔ T-125 versions templates, freezes recipients and exact fields at delivery (13.325541ms)
✔ T-125 enforces learner/staff scope, required answers, feedback and closure (9.761417ms)
✔ T-125 blocks non-owner template edits while allowing admin override (33.779958ms)
✔ T-125 idempotency keys replay identical writes and reject altered payloads (7.102667ms)
✔ M user-system courseware is bound to its exact immutable bytes (2.248959ms)
✔ M user-system courseware contains 49 usable browser slides (0.758875ms)
✔ public summary accepts only a Released exact version and is an explicit allow-list (6.086334ms)
✔ public projection has no mutation path into CourseDefinition or the historical world (2.507333ms)
✔ anonymous catalog route reads only released public summaries (0.44825ms)
(node:286) ExperimentalWarning: SQLite is an experimental feature and might change at any time
(Use `node --trace-warnings ...` to show where the warning was created)
✔ T-086 backfills the unlock frontier without touching activity or economy records (5.67ms)
✔ T-086 migration is additive and contains no destructive data statement (0.184792ms)
✔ navigation baseline pages exist (0.572792ms)
✔ core navigation uses real href-capable anchors (1.986667ms)
✔ Console, Studio, editor and classroom return loops retain real hrefs (0.953084ms)
✔ course exact preview links and auth/account return paths are source-backed (0.452416ms)
✔ retired routes are not reintroduced as navigation hrefs (0.848083ms)
✔ T-109 separates the public website, teaching services and internal history (1.582083ms)
(node:288) ExperimentalWarning: SQLite is an experimental feature and might change at any time
(Use `node --trace-warnings ...` to show where the warning was created)
✔ T-113 mentor partial search stays scoped while exact admission and Admin search remain available (9.554042ms)
✔ T-105 open registration creates only an active learner and no classroom membership (76.59675ms)
✔ the full direct-edit Course Studio replaces the regressed summary-card editor (0.598333ms)
✔ editor-loader script ordering and failure surface are explicit and deterministic (0.498958ms)
✔ the restored editor speaks only to the versioned Studio API (0.725292ms)
✔ T-094 editor surfaces immutable data identity and does not fabricate it for a Working Copy (0.281125ms)
✔ the browser projector renders the same full editor for 4 mentors plus dynamic N learners (12.852416ms)
✔ desktop editor CSS preserves the old three-column workbench and responsive no-overlap fallbacks (0.88175ms)
✔ editor loader preloads all assets, executes in order, and is failure/duplicate safe (2.281708ms)
✔ editor init does not block catalog/course opening on release-info loading (0.618ms)
✔ NavigationLink emits a native anchor and preserves exact identity query (2.846792ms)
✔ T-124 exposes a refreshable terminal shell and every agreed app route (1.624834ms)
✔ terminal clock uses the requested local YYYY.MM.DD HH:mm format (1.2955ms)
✔ T-124 implements real APIs, public-space privacy, wallet isolation and designed confirmations (1.316084ms)
(node:292) ExperimentalWarning: SQLite is an experimental feature and might change at any time
(Use `node --trace-warnings ...` to show where the warning was created)
✔ T-124 distinguishes uninitialized and zero wallets, isolates TEST assets (23.542583ms)
✔ T-124 purchase is atomic, retry-safe and cannot double-own one decoration (9.060667ms)
✔ T-124 grants enforce classroom scope, idempotency and append-only reversal (7.845958ms)
✔ T-124 public space contains only explicit public copy (6.662667ms)
✔ duplicate id is reported (1.614416ms)
✔ bad filename and status (0.537458ms)
✔ missing numeric filename prefix (0.491041ms)
✔ dangling references and missing sequential ids are reported (0.437416ms)
✔ blocked items require an explicit reason (0.354333ms)
✔ open summary (0.209667ms)
ℹ tests 235
ℹ suites 0
ℹ pass 235
ℹ fail 0
ℹ cancelled 0
ℹ skipped 0
ℹ todo 0
ℹ duration_ms 4677.452375
