✔ route input combines holds and cancels opposing controls (0.618ms)
✔ releasing one source/action preserves other holds (0.083292ms)
✔ clear removes every source and key map is stable (0.063667ms)
✔ flame points out of the fuel end and is driven by the shared thrust snapshot (3.920958ms)
✔ P1 packages the same game and physics for both screens, never teacher notes in audience (9.558292ms)
✔ real four-wheel DriveWorld reaches route items, capacity, discard, and finish (194.321917ms)
✔ differential wheels pivot left/right, reverse travels backwards, no chassis yaw assist (120.321958ms)
✔ glass stack rests until impact then real car scatters its dynamic colliders (149.787291ms)
✔ exports the three world items and finish constants (1.13125ms)
✔ createGameState starts empty and reset-like (0.089583ms)
✔ stepGame picks nearby items once, respects height tolerance, and is immutable (0.190459ms)
✔ full bag rejects an item without consuming it, then discard respawns it (0.23075ms)
✔ discarding absent item preserves state; winning requires key at finish (0.110916ms)
✔ state updates are immutable and event history is capped at six (0.12575ms)
✔ game frame statically sources the state module and has no teacher notes (1.444625ms)
✔ dropping an item while in its pickup radius requires leaving before recollection (0.120791ms)
✔ overlapping key and finish checks do not flood the teaching event log (0.718125ms)
ℹ tests 17
ℹ suites 0
ℹ pass 17
ℹ fail 0
ℹ cancelled 0
ℹ skipped 0
ℹ todo 0
ℹ duration_ms 546.453208
