
> mini-silicon-valley-world@1.0.0 test:course-platform
> npm run audit:todos && npm run check:course-projector && node --import tsx --test tests/course-content-review.test.ts tests/classroom-atomicity.test.ts tests/course-platform.test.ts tests/course-platform-routes.test.ts tests/course-registry-concurrency.test.ts tests/classroom-factory.test.ts tests/classroom-factory-readiness.test.ts tests/classroom-schema.test.ts tests/admin-dm-migration.test.ts tests/script-progress-migration.test.ts tests/account-switching-rbac.test.ts tests/browser-account-switching.test.ts tests/studio-data-scope.test.ts tests/admin-learner-management.test.ts tests/studio-editor-restoration.test.ts tests/studio-startup.test.ts tests/course-field-isolation.test.ts tests/course-multi-case.test.ts tests/course-projection-consistency.test.ts tests/public-course-projection.test.ts tests/classroom-script-runtime.test.ts tests/courseware-navigation.test.ts tests/courseware-groups.test.ts tests/courseware-text-editions.test.ts tests/courseware-versioning.test.ts tests/eleme-product-mentor-package.test.ts tests/development-mentor-package.test.ts tests/market-mentor-package.test.ts tests/course-submission.test.ts tests/course-acceptance-contract.test.ts tests/site-navigation-contract.test.ts tests/terminal-platform.test.ts tests/terminal-interface-contract.test.ts tests/homework-platform.test.ts tests/homework-interface-contract.test.ts tests/ai-daily-quiz-platform.test.ts tests/ai-daily-quiz-interface-contract.test.ts tests/managed-homework-platform.test.ts tests/incubator-projects.test.ts tests/console-information-architecture.test.ts tests/todo-registry.test.ts


> mini-silicon-valley-world@1.0.0 audit:todos
> tsx scripts/audit-todos.ts

Todo registry: 66 files
- T-109 [blocked] 重组官网、教学与内部入口，整合 World 并深层归档 Workshop
- T-110 [blocked] 全站排查普通点击不跳转，并优化 Studio 首屏课程加载
- T-129 [backlog] 全站统一网页图标：使用模块思维教师视图的黄色 M favicon
- T-132 [in-progress] 开发导师模块思维课件扩展：120 分钟 WHAT／WHY／HOW 与学生游戏模块设计
- T-133 [in-progress] 开发导师 P2：把模块描述组织进完整项目的立棍提示词
- T-088 [blocked] 将无实体键盘的 iPad／平板作为学员课堂一等设备
warning: 119-team-targeted-questionnaires-and-reusable-templates.md has 1 unchecked checkbox(es)
warning: 122-p1-module-thinking-html-deck-and-presenter-view.md has 1 unchecked checkbox(es)
warning: 123-public-portal-and-console-information-architecture.md has 2 unchecked checkbox(es)
warning: 124-learner-time-terminal-space-wallet-and-shop.md has 2 unchecked checkbox(es)
warning: 127-ai-quiz-homework-deployment-and-teacher-access.md has 9 unchecked checkbox(es)

> mini-silicon-valley-world@1.0.0 check:course-projector
> tsx scripts/generate-course-projector.ts --check

Generated course projector is current.
✔ Console-hosted Studio navigation is a real-link, route-derived and recoverable surface (0.73625ms)
✔ unified account menu uses the server-side browser set and never stores credentials (0.832625ms)
✔ homepage and protected shells share readable account semantics (1.672084ms)
✔ Test impersonation is server-scoped, short-lived and actor/effective audited (0.9935ms)
✔ Admin DM authority is primary/delegated and cannot recurse (0.510708ms)
✔ account recovery for test identities remains exact-room and one-time (0.307708ms)
(node:91259) ExperimentalWarning: SQLite is an experimental feature and might change at any time
(Use `node --trace-warnings ...` to show where the warning was created)
✔ T-087 backfill creates one Primary, converts legacy peers and never resurrects a revoked grant (3.817958ms)
(node:91260) ExperimentalWarning: SQLite is an experimental feature and might change at any time
(Use `node --trace-warnings ...` to show where the warning was created)
✔ T-114 Admin creates, searches and safely edits one stable learner identity (539.917334ms)
✔ T-114 password reset revokes sessions and old credentials (537.462542ms)
✔ T-114 deletion is real only without history and numbered usernames are never recycled (378.147709ms)
✔ T-121 Admin batch deletion removes only safe selected learners and reports retained history (425.042875ms)
✔ T-121 deletion refuses to erase T-124 terminal assets, public space or ledger history (329.954417ms)
✔ T-114 learner CRUD is platform-Admin only, never inherited from mentor or classroom DM identity (284.3085ms)
✔ AI quiz is public to answer but staff-only to review (0.719208ms)
✔ AI quiz keeps real mouse, keyboard and touch controls with server results (0.583791ms)
(node:91262) ExperimentalWarning: SQLite is an experimental feature and might change at any time
(Use `node --trace-warnings ...` to show where the warning was created)
✔ AI daily quiz preserves the audited 7-day, 35-question source (0.605458ms)
✔ AI daily quiz scores on the server, replays idempotently and lists independent submissions (12.136375ms)
✔ AI daily quiz rejects missing identity, incomplete answers and invalid days (10.325041ms)
✔ AI daily quiz submissions are append-only at the database boundary (13.785708ms)
(node:91263) ExperimentalWarning: SQLite is an experimental feature and might change at any time
(Use `node --trace-warnings ...` to show where the warning was created)
✔ T-106 keeps two verified accounts server-side and switches without either password (297.671083ms)
✔ T-106 rejects stale, expired and password-invalidated switches without losing the current account (269.641625ms)
✔ T-106 removes one account independently and logout-all revokes the whole browser set (204.358875ms)
✔ T-106 password change keeps the current set credential and invalidates other browser sets (294.5135ms)
✔ T-106 retains expired account metadata for targeted reauthentication (195.988292ms)
✔ T-106 revokes an empty browser set inside the final-account mutation (146.18825ms)
(node:91264) ExperimentalWarning: SQLite is an experimental feature and might change at any time
(Use `node --trace-warnings ...` to show where the warning was created)
✔ T-105 scopes Studio classroom indexes to assigned mentors and redacts acceptance summaries (496.295917ms)
✔ applyScriptAction couples progress, lifecycle, and audit writes atomically (227.122875ms)
✔ two mentors racing one script version produce exactly one complete mutation (180.698291ms)
✔ v3 final unlock stays running and explicit finish is atomic and idempotent (263.791333ms)
✔ completion evidence is optional unless the exact CourseDefinition explicitly requires it (234.882584ms)
✔ submission CAS is idempotent, rejects a reused key, and rolls back every failed write prefix (290.568417ms)
✔ review CAS rolls back payload, status, revision and audit at every write node (331.870333ms)
✔ reset rolls back at every write node and invalidates old-run unlocks and submissions (862.138833ms)
✔ multiple Test Classrooms coexist across the same exact version and a later Candidate (328.616625ms)
✔ dependency-free Test Classroom deletion is atomic, physical, idempotent and globally isolated (212.30775ms)
✔ an unreferenced archived Test Classroom can be deleted without weakening the archive guard (160.706875ms)
✔ Test Classroom archive is atomic, idempotent, immutable, isolated and read-only (200.567125ms)
✔ Production Classroom cannot enter the Test archive lifecycle (160.743708ms)
✔ archiving retains a UI receipt as historical evidence but invalidates future release use (230.334542ms)
✔ runtime source discards stale requests and keeps drafts scoped outside URLs and logs (0.335375ms)
✔ delayed B01, old role, and old-run responses cannot replace the current UI (0.058833ms)
✔ device drafts are isolated by actor, role view, classroom, run, seat, block and schema (0.084625ms)
✔ no course and requested exact preview are reported (1.660125ms)
✔ missing or invalid View receipt exposes concrete reasons (0.124667ms)
✔ production requires Released course and UI receipt (0.096833ms)
✔ current mentor courseware availability is independent from the selected script version and UI receipt (2.01225ms)
✔ mentor and learner omissions or duplicates are blocked (0.357167ms)
✔ Admin lock, and fully ready Test/Production checklists (0.135583ms)
✔ exactPreviewHref preserves exact encoded query (0.070417ms)
✔ Test and Production use one factory plan and the same state-machine version (2.027875ms)
✔ Production refuses Candidate and Test accepts Candidate (0.2565ms)
✔ every classroom requires an exact ViewAcceptanceReceipt (0.049333ms)
✔ factory requires exact four distinct mentor roles and exact learner count (0.14525ms)
✔ external factory validation does not bind or compare mentor courseware versions (0.1605ms)
✔ courseware bundle digest is canonical across API and DB property order (3.882625ms)
✔ Admin DM is a permission and can overlap a mentor without creating a fifth role (0.194ms)
✔ script unlock frontier is versioned, sequential and classroom-local (0.199292ms)
✔ an explicit Test reset is the only operation that advances run identity and deal seed (0.085958ms)
✔ initial D1 migration contains the complete classroom domain (1.251958ms)
✔ runtime schema bootstrap is idempotent and exactly mirrors the migration (3.198833ms)
✔ unified course factory keeps release, courseware, permissions and script progress exact (1.121417ms)
✔ simplified account and team migration retires old credentials without deleting audit history (0.431458ms)
✔ hosting and worker expose the logical DB binding (0.092833ms)
✔ store enforces server-side membership, DM gates, atomic ledger and privacy projection (0.191334ms)
✔ runtime treats unlock frontier and each browser cursor as separate systems (1.911667ms)
✔ T-093 Classroom progress segments invoke only existing personal navigation (1.453625ms)
✔ keyboard navigation never steals arrows from editable controls (0.831542ms)
✔ Test role tabs are exhaustive while Production rejects the viewAs contract (0.769459ms)
✔ T-094 exposes one exact runtime identity and preserves projector card order (2.67575ms)
✔ the Classroom Center uses native browser link semantics (0.362708ms)
✔ T-113 runtime member replacement searches server-side without widening account scope (0.678166ms)
✔ Stage 1 exposes complete private fields by hover or an explicit pinned expansion (0.682334ms)
✔ T-123 provides the public, learner-service and internal Console route families (0.445584ms)
✔ T-123 enforces Console RBAC on the server and leaves personal surfaces separate (0.323208ms)
✔ portable account controls keep their color tokens and readable foregrounds inside Console (1.115417ms)
✔ T-123 keeps public navigation cache-safe and reveals Workbench only from account projection (0.344584ms)
✔ T-123 legacy Studio pages are redirects, not a second maintained UI (0.927917ms)
✔ T-123 deployment gateway and internal deep links use the same route split (0.646083ms)
✔ UI acceptance checklist is a stable, canonical sixteen-item contract (0.384291ms)
✔ acceptance checklist documentation matches the canonical renderer (6.955084ms)
✔ ClassroomRuntime consumes the shared checklist contract (1.056875ms)
✔ build identity and projector/runtime contracts are present (2.768458ms)
(node:91271) ExperimentalWarning: SQLite is an experimental feature and might change at any time
(Use `node --trace-warnings ...` to show where the warning was created)
✔ course review workbench lists authored open items without mutating the CourseDefinition (143.510417ms)
✔ explicit revision-required and reopen decisions block release while exclusion never masquerades as fixed (220.145458ms)
✔ source-added requires a traceable reference and terminal decisions require explicit reopen (55.597125ms)
✔ course review writes are CAS-safe, idempotent, exact-version scoped and append-only (70.614167ms)
✔ T-095 migration creates six stable, independent seat fields (5.139916ms)
✔ seat, mentor, card and explicit global aliases update in isolation (22.971167ms)
✔ legacy course-period alias remains readable but normalization removes the old single-case coupling (8.976834ms)
✔ six-to-four migration retains inactive seats and rejects malformed models (10.170125ms)
✔ 2/4/6 projections and unique dealing satisfy learner policy (90.460875ms)
✔ one neutral course validates two historical cases and one source-free simulation (13.301167ms)
✔ multi-case ownership rejects duplicate identities, crossed facts and unknown default case (15.445042ms)
✔ renaming the course does not rewrite case, cards, sources or stable course id (3.28275ms)
✔ Studio names courses by teaching theme and does not re-couple cloned cases (2.188625ms)
✔ T-085 route surface exists and has no legacy navigation dependency (3.675625ms)
✔ T-122 publishes a second D-mentor deck without replacing the classroom default and protects teacher notes (0.575417ms)
✔ T-086 navigation names the two acceptance gates and keeps UI preview on real Test Classroom routes (1.252959ms)
✔ T-096 makes /course/ a registry-backed Released library for real learners and mentors (0.242167ms)
✔ T-100 separates author Candidate preview, historical releases and latest classroom playback (0.637666ms)
✔ exact Studio preview login preserves course, revision and digest (0.084041ms)
✔ T-086 release and factory APIs enforce two exact acceptance receipts (0.3045ms)
✔ T-111 exposes exact Test Classroom creation, archive, and dependency-gated deletion (0.852583ms)
✔ T-099 Candidate API and editor require an exact base and expose a non-destructive conflict flow (0.609417ms)
✔ gateway owns Console, Terminal, Studio compatibility, Course and per-classroom routes (0.173417ms)
✔ the opaque P-mentor r0/r1/r2 identities are pinned consistently across build, runtime and package metadata (0.962ms)
✔ one-time managed credentials are blocked from platform data until password replacement (0.148417ms)
✔ shared screen reads a dedicated allow-list projection instead of the private seat payload (0.362625ms)
✔ trusted mentors can bootstrap a classroom and become its scoped Admin DM (0.238166ms)
✔ retired POST endpoints drain request bodies before returning tombstones (0.142916ms)
✔ T-105 scopes Studio bootstrap data and permanently tombstones the legacy classroom API (0.8805ms)
✔ T-104 keeps course review decisions exact and parent QA review behind a server-only proxy (0.397916ms)
✔ legacy course definitions receive a bounded learner policy without mutating their exact JSON (2.771375ms)
✔ one projector renders 4 mentors + N learners + one controller for N=2,4,6 (4.283125ms)
✔ learner private-card views are deterministic and isolated (35.115667ms)
✔ capacity and range failures explain the exact gap and fail closed (13.615ms)
✔ learner tasks beyond learner04 come from the generic template, never fake fixed seats (1.106958ms)
✔ course identity and default case identity are independent (3.681167ms)
✔ repeat-when-needed deals intentionally repeat a non-empty small deck (1.257792ms)
✔ generated browser projector is the same source contract across all 195 T-095 role scenarios (662.781375ms)
✔ checkpoint-owned deck selection remains exact when the macro step points elsewhere (5.283792ms)
✔ invalid authoring scenarios are explicit on both sides rather than silently clipped (8.115958ms)
✔ unknown blocks fail identically and never fall back to a macro-step deck (4.907333ms)
✔ repeat policy is deterministic while an empty repeat deck fails capacity explicitly (4.863167ms)
✔ browser preview fails closed when its generated core dependency is absent (1.241875ms)
(node:91279) ExperimentalWarning: SQLite is an experimental feature and might change at any time
(Use `node --trace-warnings ...` to show where the warning was created)
✔ Studio startup reads current exact snapshots; history bodies are loaded only on demand (592.328667ms)
ℹ {"fullVersions":14,"currentVersions":3,"fullBytes":2923204,"currentBytes":531743,"fullMs":88.18533400000001,"currentMs":15.759207999999944}
✔ current-only Studio reads still verify each returned exact body digest (15.392333ms)
✔ sequential stale editors cannot overwrite a newer exact Candidate (43.482458ms)
✔ two writers racing from one base produce one success and no orphan pointer (45.773541ms)
✔ same body retry is idempotent even when the caller did not receive the first response (45.244917ms)
✔ restoring an identical historical body creates a new immutable revision (46.188083ms)
✔ field-model normalization is written and immediately readable through the exact ref (24.21075ms)
✔ database exact guards reject digest mismatches without changing immutable history (20.497125ms)
✔ migration preflight aborts instead of repairing a legacy mismatched pointer (4.025708ms)
✔ Candidate save winning before release commit makes the checked release fail closed (54.105084ms)
✔ learner ProductBrief projection omits mentor-only rubric and prompts (0.3785ms)
✔ P mentor ProductBrief projection keeps the exact review rubric (0.344959ms)
✔ structured values reject unknown, missing, short and oversized fields (0.373209ms)
✔ stored payload parsing fails closed and renders a deterministic plain-text fallback (0.164042ms)
✔ DevelopmentStick projection and item counts remain enforceable on touch-friendly list fields (0.221709ms)
✔ groups courseware into the fixed mentor groups without changing item identity (0.658125ms)
✔ keeps empty mentor groups for empty and partial input (0.070167ms)
✔ preserves non-development relative order and does not mutate input (0.075ms)
✔ empty input and new D packages are retained, without guessing role from title (0.081792ms)
✔ static courseware hand-off preserves package launch mode and exact identity (0.404458ms)
✔ explicit deep links overlay defaults without producing a second question mark (0.098583ms)
✔ private presenter metadata is centralized and declared for both dual-screen D decks (0.089375ms)
✔ course library exposes the protected presenter to mentors without mixing it into the audience artifact (0.11825ms)
✔ all authenticated static entry routes redirect before rendering the old launch gate (0.217584ms)
(node:91284) ExperimentalWarning: SQLite is an experimental feature and might change at any time
(Use `node --trace-warnings ...` to show where the warning was created)
✔ server editions persist complete immutable snapshots and old editions remain readable (32.635ms)
✔ CAS concurrent and stale saves do not overwrite another mentor (8.135ms)
✔ learner can read public text but cannot write; impersonation and observers cannot access editions (9.452792ms)
✔ base and field bounds reject invalid data, plain text is stored without executing HTML (9.862958ms)
✔ restoring original text is a new edition; decks and bases are isolated (17.053542ms)
(node:91285) ExperimentalWarning: SQLite is an experimental feature and might change at any time
(Use `node --trace-warnings ...` to show where the warning was created)
✔ bundled product-mentor r2 is current while exact r0/r1 remain playable (115.640916ms)
✔ a production-style r0 registry upgrades to bundled r2 without rewriting r0 (72.381334ms)
✔ publishing r1 retains historical r0 while the default pointer becomes r1 (114.275291ms)
✔ Candidate and system fallback visibility remain fail-closed (0.121958ms)
✔ a directory bundle round-trips exact bytes and finalization is idempotent (22.754541ms)
✔ bundle validation rejects traversal, archives, private keys, bad chunks and incomplete uploads (6.838333ms)
✔ migration fails closed on mismatched legacy refs and installs immutable exact guards (8.930791ms)
✔ 120-minute P1/P2 upgrade adds new URLs without rewriting historical registry identities (89.756375ms)
✔ T-090 composes P history with a source-free D simulation without rewriting T-091 (3.404667ms)
✔ the D incident deck has twelve short R cards in the required 3/3/2/2/2 categories (0.803375ms)
✔ D owns four stable checkpoints and an exact 18-slide courseware binding (0.797042ms)
✔ the frozen D courseware manifest binds the exact local 18-slide bytes (7.801125ms)
✔ DevelopmentStick is a concrete ten-field D artifact handed to M at B09 (1.465125ms)
✔ 2, 4 and 6 learners receive persistent identity-free two-card views (6.194916ms)
✔ T-090 validation fails closed across source, ownership, schema and exact-courseware boundaries (8.38625ms)
✔ T-091 keeps immutable bundled r0 intact and adds an importable Candidate (16.786125ms)
✔ Ele.me CasePackage and historical ScriptPackage have one explicit P owner (0.961625ms)
✔ all F cards are enumerated by the evidence revision and R/G/U copy keeps its boundary (0.859041ms)
✔ T-091 validator rejects incomplete or mis-owned content packages (3.929667ms)
✔ T-091 validator rejects invalid handoffs and duplicate schema kinds (4.326291ms)
✔ ProductBrief is a concrete 10-field P-owned artifact handed to D at B05 (4.827334ms)
✔ only the active mentor receives the current private script; D/M/O do not inherit P history (1.729584ms)
✔ declared P courseware exact ref fails closed without affecting other mentor toolkits (4.113666ms)
✔ T-091 machine inventory remains aligned with the auditable Candidate (2.353ms)
✔ T-091 revalidation keeps P ownership and evidence boundaries in the T-095 unified Candidate (9.16775ms)
✔ T-119 keeps the form public while showing its archive entry only to staff (0.595459ms)
✔ T-119 keeps ten topics, gates part two, requires part one and removes image uploads (0.975583ms)
✔ T-119 explains the two-part homework and Silicon Valley coin rewards (0.125834ms)
✔ T-131 limits popup editing to real staff and preserves immutable revisions (1.297542ms)
(node:91289) ExperimentalWarning: SQLite is an experimental feature and might change at any time
(Use `node --trace-warnings ...` to show where the warning was created)
✔ T-119 requires the complete first part, ignores retired image fields and keeps independent submissions (12.210417ms)
✔ T-119 validates required identity, choices and input limits while preserving literal text (10.126084ms)
✔ T-119 submissions are append-only at the database boundary (12.479084ms)
✔ T-131 appends teacher revisions, exposes the latest snapshot and rejects stale saves (34.93125ms)
✔ T-124 publishes an incubator introduction and a direct two-project library (1.108417ms)
✔ T-124 exact runtime manifest admits every and only declared browser file (21.065959ms)
✔ T-124 projects are self-contained, branded, navigable and explicit about prototype scope (2.520333ms)
(node:91291) ExperimentalWarning: SQLite is an experimental feature and might change at any time
(Use `node --trace-warnings ...` to show where the warning was created)
✔ T-125 versions templates, freezes recipients and exact fields at delivery (18.694541ms)
✔ T-125 enforces learner/staff scope, required answers, feedback and closure (10.7955ms)
✔ T-125 blocks non-owner template edits while allowing admin override (6.914334ms)
✔ T-125 idempotency keys replay identical writes and reject altered payloads (9.373459ms)
✔ M user-system courseware is bound to its exact immutable bytes (1.346625ms)
✔ M user-system courseware contains 49 usable browser slides (0.978125ms)
✔ public summary accepts only a Released exact version and is an explicit allow-list (5.372584ms)
✔ public projection has no mutation path into CourseDefinition or the historical world (2.857375ms)
✔ anonymous catalog route reads only released public summaries (0.201625ms)
(node:91294) ExperimentalWarning: SQLite is an experimental feature and might change at any time
(Use `node --trace-warnings ...` to show where the warning was created)
✔ T-086 backfills the unlock frontier without touching activity or economy records (3.52025ms)
✔ T-086 migration is additive and contains no destructive data statement (0.142291ms)
✔ navigation baseline pages exist (0.461375ms)
✔ core navigation uses real href-capable anchors (1.599916ms)
✔ Console, Studio, editor and classroom return loops retain real hrefs (0.459958ms)
✔ course exact preview links and auth/account return paths are source-backed (0.1835ms)
✔ retired routes are not reintroduced as navigation hrefs (0.513417ms)
✔ T-109 separates the public website, teaching services and internal history (0.371417ms)
(node:91296) ExperimentalWarning: SQLite is an experimental feature and might change at any time
(Use `node --trace-warnings ...` to show where the warning was created)
✔ T-113 mentor partial search stays scoped while exact admission and Admin search remain available (19.842209ms)
✔ T-105 open registration creates only an active learner and no classroom membership (64.702292ms)
✔ the full direct-edit Course Studio replaces the regressed summary-card editor (1.479583ms)
✔ editor-loader script ordering and failure surface are explicit and deterministic (0.40075ms)
✔ the restored editor speaks only to the versioned Studio API (0.614542ms)
✔ T-094 editor surfaces immutable data identity and does not fabricate it for a Working Copy (0.215708ms)
✔ the browser projector renders the same full editor for 4 mentors plus dynamic N learners (4.606667ms)
✔ desktop editor CSS preserves the old three-column workbench and responsive no-overlap fallbacks (1.12925ms)
✔ editor loader preloads all assets, executes in order, and is failure/duplicate safe (2.029042ms)
✔ editor init does not block catalog/course opening on release-info loading (0.695833ms)
✔ NavigationLink emits a native anchor and preserves exact identity query (2.960875ms)
✔ T-124 exposes a refreshable terminal shell and every agreed app route (1.878792ms)
✔ terminal clock uses the requested local YYYY.MM.DD HH:mm format (1.287333ms)
✔ T-124 implements real APIs, public-space privacy, wallet isolation and designed confirmations (1.613416ms)
(node:91300) ExperimentalWarning: SQLite is an experimental feature and might change at any time
(Use `node --trace-warnings ...` to show where the warning was created)
✔ T-124 distinguishes uninitialized and zero wallets, isolates TEST assets (24.948792ms)
✔ T-124 purchase is atomic, retry-safe and cannot double-own one decoration (8.019042ms)
✔ T-124 grants enforce classroom scope, idempotency and append-only reversal (7.82325ms)
✔ T-124 public space contains only explicit public copy (8.080708ms)
✔ duplicate id is reported (1.47675ms)
✔ bad filename and status (0.666125ms)
✔ missing numeric filename prefix (2.223667ms)
✔ dangling references and missing sequential ids are reported (0.823916ms)
✔ blocked items require an explicit reason (1.103416ms)
✔ open summary (1.451084ms)
ℹ tests 231
ℹ suites 0
ℹ pass 231
ℹ fail 0
ℹ cancelled 0
ℹ skipped 0
ℹ todo 0
ℹ duration_ms 4371.045708
