✔ forward and reverse cancel, while thrust remains independent (0.624625ms)
✔ releasing one source/action preserves other holds (0.097333ms)
✔ clear removes every source and key map is stable (0.058333ms)
✔ route map is 42 wide, has 32 side blocks, and glass remains 20 (9.294416ms)
✔ up is not thrust, Space releases immediately, and thrust level scales speed (133.47425ms)
✔ side blocks are dynamic bodies that move after impulse (30.570333ms)
✔ real car can knock down both side stacks on the widened ground (256.892542ms)
✔ both side stacks remain upright on level bases before impact (82.657333ms)
✔ flame points out of the fuel end and is driven by the shared thrust snapshot (4.9445ms)
✔ P1 packages the same game and physics for both screens, never teacher notes in audience (34.134917ms)
✔ real four-wheel DriveWorld reaches route items, capacity, discard, and finish (203.88475ms)
✔ differential wheels pivot left/right, reverse travels backwards, no chassis yaw assist (190.549916ms)
✔ glass stack rests until impact then real car scatters its dynamic colliders (130.11425ms)
✔ exports the three world items and finish constants (2.450917ms)
✔ createGameState starts empty and reset-like (0.101375ms)
✔ stepGame picks nearby items once, respects height tolerance, and is immutable (0.199458ms)
✔ full bag rejects an item without consuming it, then discard respawns it (0.228958ms)
✔ discarding absent item preserves state; winning requires key at finish (0.11275ms)
✔ state updates are immutable and event history is capped at six (0.141125ms)
✔ game frame statically sources the state module and has no teacher notes (0.419083ms)
✔ dropping an item while in its pickup radius requires leaving before recollection (0.10875ms)
✔ overlapping key and finish checks do not flood the teaching event log (2.556833ms)
✔ victory pauses once, can dismiss locally, and re-arms for a new game (0.925125ms)
✔ HTML and complete first-party module graph share a content version; stamping is stable (30.182625ms)
✔ Space thrust and left/right sources remain independent (0.6645ms)
✔ two independent thrust sources require both releases, and clear resets all state (0.100792ms)
✔ free wheels auto-assign sockets while preserving one definition (1.521041ms)
✔ moving one wheel leaves other instances and definitions unchanged (0.392375ms)
✔ JSON restore preserves explicitly selected mounts (0.254042ms)
✔ invalid or off-surface mounts are rejected without mutating the source (0.816709ms)
✔ legacy fixed-socket instances remain compatible (33.895791ms)
✔ DriveWorld wheel starts at chassis offset and cylinder axis follows mount normal (1.90525ms)
✔ progression and done (0.965625ms)
✔ timeout and retry preserve storage (0.398416ms)
✔ ignores ethereum and catches script errors (0.911791ms)
✔ same module reused, instance changes isolated, JSON roundtrip (5.548458ms)
✔ strict validation rejects unknown fields, shapes, materials, duplicate IDs/sockets (4.655334ms)
✔ undo/redo protects history on invalid update; save selection normalizes blocks (0.217417ms)
DRIVE_SAMPLE { x: 101.08961486816406, y: -51.49463653564453, z: 27.2954044342041 } -51.49463653564453 2.533474922180176
✔ gravity, contact, propulsion, real rough course and repeatable reset (189.854125ms)
✔ release coasts, brake differs, reverse direction uses same project, bounded timestep (120.741167ms)
✔ engine rotation 180 pushes forward while exhaust points backward; rotation 0 reverses (79.773291ms)
✔ left and right steering produce opposite lateral trajectories, then releasing steer stops input (213.67525ms)
✔ straight drive hits the physical wall, including wheel contact (124.985625ms)
✔ 保存合法五块橡胶十字，且不改变工作台方块 (2.488375ms)
✔ 空选择和不合法配方失败，并保留原作品不变 (0.752333ms)
✔ 三种平面、含偏移的标准五格橡胶十字均可保存并保留方向 (0.231625ms)
✔ L形、折叠三维形状和五块不同 z 的伪十字均被拒绝 (0.150667ms)
✔ 中文名称与职责可保存，刷新 JSON 后定义可恢复 (0.156833ms)
✔ 同一定义可复用并装到两个轮接口 (0.317541ms)
✔ 保存表单 UI 契约包含反馈区域、描述关联和 novalidate (4.251458ms)
✔ KSP resource stays teacher-only, explicitly opens externally, never auto-embeds (2.553666ms)
✔ Minecraft reference is placed before the hands-on script and also stays external (2.484416ms)
ℹ tests 52
ℹ suites 0
ℹ pass 52
ℹ fail 0
ℹ cancelled 0
ℹ skipped 0
ℹ todo 0
ℹ duration_ms 848.475125
