
> mini-silicon-valley-world@1.0.0 test:course-platform
> npm run audit:todos && npm run check:course-projector && node --import tsx --test tests/course-content-review.test.ts tests/classroom-atomicity.test.ts tests/course-platform.test.ts tests/course-platform-routes.test.ts tests/course-registry-concurrency.test.ts tests/classroom-factory.test.ts tests/classroom-factory-readiness.test.ts tests/classroom-schema.test.ts tests/admin-dm-migration.test.ts tests/script-progress-migration.test.ts tests/account-switching-rbac.test.ts tests/browser-account-switching.test.ts tests/studio-data-scope.test.ts tests/admin-learner-management.test.ts tests/studio-editor-restoration.test.ts tests/studio-startup.test.ts tests/course-field-isolation.test.ts tests/course-multi-case.test.ts tests/course-projection-consistency.test.ts tests/public-course-projection.test.ts tests/classroom-script-runtime.test.ts tests/courseware-navigation.test.ts tests/courseware-groups.test.ts tests/courseware-text-editions.test.ts tests/courseware-versioning.test.ts tests/eleme-product-mentor-package.test.ts tests/development-mentor-package.test.ts tests/market-mentor-package.test.ts tests/course-submission.test.ts tests/course-acceptance-contract.test.ts tests/site-navigation-contract.test.ts tests/terminal-platform.test.ts tests/terminal-interface-contract.test.ts tests/homework-platform.test.ts tests/homework-interface-contract.test.ts tests/ai-daily-quiz-platform.test.ts tests/ai-daily-quiz-interface-contract.test.ts tests/managed-homework-platform.test.ts tests/incubator-projects.test.ts tests/console-information-architecture.test.ts tests/todo-registry.test.ts


> mini-silicon-valley-world@1.0.0 audit:todos
> tsx scripts/audit-todos.ts

Todo registry: 66 files
- T-109 [blocked] 重组官网、教学与内部入口，整合 World 并深层归档 Workshop
- T-110 [blocked] 全站排查普通点击不跳转，并优化 Studio 首屏课程加载
- T-129 [backlog] 全站统一网页图标：使用模块思维教师视图的黄色 M favicon
- T-132 [in-progress] 开发导师模块思维课件扩展：120 分钟 WHAT／WHY／HOW 与学生游戏模块设计
- T-133 [in-progress] 开发导师 P2：把模块描述组织进完整项目的立棍提示词
- T-088 [blocked] 将无实体键盘的 iPad／平板作为学员课堂一等设备
warning: 119-team-targeted-questionnaires-and-reusable-templates.md has 1 unchecked checkbox(es)
warning: 122-p1-module-thinking-html-deck-and-presenter-view.md has 1 unchecked checkbox(es)
warning: 123-public-portal-and-console-information-architecture.md has 2 unchecked checkbox(es)
warning: 124-learner-time-terminal-space-wallet-and-shop.md has 2 unchecked checkbox(es)
warning: 127-ai-quiz-homework-deployment-and-teacher-access.md has 9 unchecked checkbox(es)

> mini-silicon-valley-world@1.0.0 check:course-projector
> tsx scripts/generate-course-projector.ts --check

Generated course projector is current.
✔ Console-hosted Studio navigation is a real-link, route-derived and recoverable surface (2.164542ms)
✔ unified account menu uses the server-side browser set and never stores credentials (1.686542ms)
✔ homepage and protected shells share readable account semantics (3.246166ms)
✔ Test impersonation is server-scoped, short-lived and actor/effective audited (0.822083ms)
✔ Admin DM authority is primary/delegated and cannot recurse (0.679833ms)
✔ account recovery for test identities remains exact-room and one-time (0.529292ms)
(node:68473) ExperimentalWarning: SQLite is an experimental feature and might change at any time
(Use `node --trace-warnings ...` to show where the warning was created)
✔ T-087 backfill creates one Primary, converts legacy peers and never resurrects a revoked grant (14.101041ms)
(node:68474) ExperimentalWarning: SQLite is an experimental feature and might change at any time
(Use `node --trace-warnings ...` to show where the warning was created)
✔ T-114 Admin creates, searches and safely edits one stable learner identity (659.212333ms)
✔ T-114 password reset revokes sessions and old credentials (551.759917ms)
✔ T-114 deletion is real only without history and numbered usernames are never recycled (393.101084ms)
✔ T-121 Admin batch deletion removes only safe selected learners and reports retained history (436.133125ms)
✔ T-121 deletion refuses to erase T-124 terminal assets, public space or ledger history (339.496875ms)
✔ T-114 learner CRUD is platform-Admin only, never inherited from mentor or classroom DM identity (292.140625ms)
✔ AI quiz is public to answer but staff-only to review (7.041667ms)
✔ AI quiz keeps real mouse, keyboard and touch controls with server results (1.337667ms)
(node:68476) ExperimentalWarning: SQLite is an experimental feature and might change at any time
(Use `node --trace-warnings ...` to show where the warning was created)
✔ AI daily quiz preserves the audited 7-day, 35-question source (0.62225ms)
✔ AI daily quiz scores on the server, replays idempotently and lists independent submissions (20.535833ms)
✔ AI daily quiz rejects missing identity, incomplete answers and invalid days (9.6315ms)
✔ AI daily quiz submissions are append-only at the database boundary (7.023334ms)
(node:68477) ExperimentalWarning: SQLite is an experimental feature and might change at any time
(Use `node --trace-warnings ...` to show where the warning was created)
✔ T-106 keeps two verified accounts server-side and switches without either password (390.835333ms)
✔ T-106 rejects stale, expired and password-invalidated switches without losing the current account (274.116416ms)
✔ T-106 removes one account independently and logout-all revokes the whole browser set (210.130792ms)
✔ T-106 password change keeps the current set credential and invalidates other browser sets (299.399042ms)
✔ T-106 retains expired account metadata for targeted reauthentication (200.590042ms)
✔ T-106 revokes an empty browser set inside the final-account mutation (151.275542ms)
(node:68478) ExperimentalWarning: SQLite is an experimental feature and might change at any time
(Use `node --trace-warnings ...` to show where the warning was created)
✔ T-105 scopes Studio classroom indexes to assigned mentors and redacts acceptance summaries (667.787125ms)
✔ applyScriptAction couples progress, lifecycle, and audit writes atomically (239.895208ms)
✔ two mentors racing one script version produce exactly one complete mutation (193.417875ms)
✔ v3 final unlock stays running and explicit finish is atomic and idempotent (284.542334ms)
✔ completion evidence is optional unless the exact CourseDefinition explicitly requires it (263.650625ms)
✔ submission CAS is idempotent, rejects a reused key, and rolls back every failed write prefix (305.11925ms)
✔ review CAS rolls back payload, status, revision and audit at every write node (351.041375ms)
✔ reset rolls back at every write node and invalidates old-run unlocks and submissions (920.509958ms)
✔ multiple Test Classrooms coexist across the same exact version and a later Candidate (379.066041ms)
✔ dependency-free Test Classroom deletion is atomic, physical, idempotent and globally isolated (261.137667ms)
✔ an unreferenced archived Test Classroom can be deleted without weakening the archive guard (184.723917ms)
✔ Test Classroom archive is atomic, idempotent, immutable, isolated and read-only (225.358792ms)
✔ Production Classroom cannot enter the Test archive lifecycle (180.22025ms)
✔ archiving retains a UI receipt as historical evidence but invalidates future release use (265.814125ms)
✔ runtime source discards stale requests and keeps drafts scoped outside URLs and logs (0.696666ms)
✔ delayed B01, old role, and old-run responses cannot replace the current UI (0.076125ms)
✔ device drafts are isolated by actor, role view, classroom, run, seat, block and schema (0.0925ms)
✔ no course and requested exact preview are reported (0.576167ms)
✔ missing or invalid View receipt exposes concrete reasons (0.124084ms)
✔ production requires Released course and UI receipt (0.088625ms)
✔ current mentor courseware availability is independent from the selected script version and UI receipt (0.081583ms)
✔ mentor and learner omissions or duplicates are blocked (13.177208ms)
✔ Admin lock, and fully ready Test/Production checklists (0.139542ms)
✔ exactPreviewHref preserves exact encoded query (0.066209ms)
✔ Test and Production use one factory plan and the same state-machine version (3.310625ms)
✔ Production refuses Candidate and Test accepts Candidate (0.276042ms)
✔ every classroom requires an exact ViewAcceptanceReceipt (0.061167ms)
✔ factory requires exact four distinct mentor roles and exact learner count (0.07675ms)
✔ external factory validation does not bind or compare mentor courseware versions (0.092667ms)
✔ courseware bundle digest is canonical across API and DB property order (5.380375ms)
✔ Admin DM is a permission and can overlap a mentor without creating a fifth role (0.261666ms)
✔ script unlock frontier is versioned, sequential and classroom-local (0.926625ms)
✔ an explicit Test reset is the only operation that advances run identity and deal seed (0.2725ms)
✔ initial D1 migration contains the complete classroom domain (1.649542ms)
✔ runtime schema bootstrap is idempotent and exactly mirrors the migration (2.773625ms)
✔ unified course factory keeps release, courseware, permissions and script progress exact (0.935167ms)
✔ simplified account and team migration retires old credentials without deleting audit history (0.218584ms)
✔ hosting and worker expose the logical DB binding (0.053333ms)
✔ store enforces server-side membership, DM gates, atomic ledger and privacy projection (0.1485ms)
✔ runtime treats unlock frontier and each browser cursor as separate systems (4.927834ms)
✔ T-093 Classroom progress segments invoke only existing personal navigation (0.495375ms)
✔ keyboard navigation never steals arrows from editable controls (0.344625ms)
✔ Test role tabs are exhaustive while Production rejects the viewAs contract (0.99975ms)
✔ T-094 exposes one exact runtime identity and preserves projector card order (2.662292ms)
✔ the Classroom Center uses native browser link semantics (1.235167ms)
✔ T-113 runtime member replacement searches server-side without widening account scope (1.828542ms)
✔ Stage 1 exposes complete private fields by hover or an explicit pinned expansion (0.395209ms)
✔ T-123 provides the public, learner-service and internal Console route families (0.477666ms)
✔ T-123 enforces Console RBAC on the server and leaves personal surfaces separate (1.543625ms)
✔ portable account controls keep their color tokens and readable foregrounds inside Console (0.614625ms)
✔ T-123 keeps public navigation cache-safe and reveals Workbench only from account projection (1.663708ms)
✔ T-123 legacy Studio pages are redirects, not a second maintained UI (3.295625ms)
✔ T-123 deployment gateway and internal deep links use the same route split (3.038167ms)
✔ UI acceptance checklist is a stable, canonical sixteen-item contract (0.346917ms)
✔ acceptance checklist documentation matches the canonical renderer (6.81225ms)
✔ ClassroomRuntime consumes the shared checklist contract (1.0115ms)
✔ build identity and projector/runtime contracts are present (1.271834ms)
(node:68485) ExperimentalWarning: SQLite is an experimental feature and might change at any time
(Use `node --trace-warnings ...` to show where the warning was created)
✔ course review workbench lists authored open items without mutating the CourseDefinition (168.838958ms)
✔ explicit revision-required and reopen decisions block release while exclusion never masquerades as fixed (127.788833ms)
✔ source-added requires a traceable reference and terminal decisions require explicit reopen (70.079458ms)
✔ course review writes are CAS-safe, idempotent, exact-version scoped and append-only (172.730334ms)
✔ T-095 migration creates six stable, independent seat fields (49.463292ms)
✔ seat, mentor, card and explicit global aliases update in isolation (9.159291ms)
✔ legacy course-period alias remains readable but normalization removes the old single-case coupling (6.298083ms)
✔ six-to-four migration retains inactive seats and rejects malformed models (5.186416ms)
✔ 2/4/6 projections and unique dealing satisfy learner policy (13.256875ms)
✔ one neutral course validates two historical cases and one source-free simulation (18.518333ms)
✔ multi-case ownership rejects duplicate identities, crossed facts and unknown default case (3.736084ms)
✔ renaming the course does not rewrite case, cards, sources or stable course id (3.850416ms)
✔ Studio names courses by teaching theme and does not re-couple cloned cases (1.452ms)
✔ T-085 route surface exists and has no legacy navigation dependency (8.042375ms)
✔ T-122 preserves historical D-mentor decks and selects the merged classroom default and protects teacher notes (1.514417ms)
✔ T-086 navigation names the two acceptance gates and keeps UI preview on real Test Classroom routes (1.65675ms)
✔ T-096 makes /course/ a registry-backed Released library for real learners and mentors (0.642ms)
✔ T-100 separates author Candidate preview, historical releases and latest classroom playback (1.222667ms)
✔ exact Studio preview login preserves course, revision and digest (2.206875ms)
✔ T-086 release and factory APIs enforce two exact acceptance receipts (0.706625ms)
✔ T-111 exposes exact Test Classroom creation, archive, and dependency-gated deletion (1.011292ms)
✔ T-099 Candidate API and editor require an exact base and expose a non-destructive conflict flow (0.805708ms)
✔ gateway owns Console, Terminal, Studio compatibility, Course and per-classroom routes (0.314083ms)
✔ the opaque P-mentor r0/r1/r2 identities are pinned consistently across build, runtime and package metadata (1.62275ms)
✔ one-time managed credentials are blocked from platform data until password replacement (1.036833ms)
✔ shared screen reads a dedicated allow-list projection instead of the private seat payload (2.06525ms)
✔ trusted mentors can bootstrap a classroom and become its scoped Admin DM (0.6305ms)
✔ retired POST endpoints drain request bodies before returning tombstones (1.0545ms)
✔ T-105 scopes Studio bootstrap data and permanently tombstones the legacy classroom API (7.922625ms)
✔ T-104 keeps course review decisions exact and parent QA review behind a server-only proxy (3.023542ms)
✔ legacy course definitions receive a bounded learner policy without mutating their exact JSON (2.303584ms)
✔ one projector renders 4 mentors + N learners + one controller for N=2,4,6 (2.773667ms)
✔ learner private-card views are deterministic and isolated (20.448667ms)
✔ capacity and range failures explain the exact gap and fail closed (2.548208ms)
✔ learner tasks beyond learner04 come from the generic template, never fake fixed seats (54.572042ms)
✔ course identity and default case identity are independent (16.028084ms)
✔ repeat-when-needed deals intentionally repeat a non-empty small deck (26.177959ms)
✔ generated browser projector is the same source contract across all 195 T-095 role scenarios (710.731291ms)
✔ checkpoint-owned deck selection remains exact when the macro step points elsewhere (6.440375ms)
✔ invalid authoring scenarios are explicit on both sides rather than silently clipped (8.477417ms)
✔ unknown blocks fail identically and never fall back to a macro-step deck (6.099958ms)
✔ repeat policy is deterministic while an empty repeat deck fails capacity explicitly (4.850667ms)
✔ browser preview fails closed when its generated core dependency is absent (1.324292ms)
(node:68491) ExperimentalWarning: SQLite is an experimental feature and might change at any time
(Use `node --trace-warnings ...` to show where the warning was created)
✔ Studio startup reads current exact snapshots; history bodies are loaded only on demand (677.363ms)
ℹ {"fullVersions":14,"currentVersions":3,"fullBytes":2923204,"currentBytes":531743,"fullMs":85.05762500000003,"currentMs":17.89716599999997}
✔ current-only Studio reads still verify each returned exact body digest (16.832083ms)
✔ sequential stale editors cannot overwrite a newer exact Candidate (45.442375ms)
✔ two writers racing from one base produce one success and no orphan pointer (45.227958ms)
✔ same body retry is idempotent even when the caller did not receive the first response (47.938458ms)
✔ restoring an identical historical body creates a new immutable revision (47.628084ms)
✔ field-model normalization is written and immediately readable through the exact ref (24.610917ms)
✔ database exact guards reject digest mismatches without changing immutable history (21.209875ms)
✔ migration preflight aborts instead of repairing a legacy mismatched pointer (3.911208ms)
✔ Candidate save winning before release commit makes the checked release fail closed (62.772208ms)
✔ learner ProductBrief projection omits mentor-only rubric and prompts (0.38ms)
✔ P mentor ProductBrief projection keeps the exact review rubric (0.350125ms)
✔ structured values reject unknown, missing, short and oversized fields (0.391042ms)
✔ stored payload parsing fails closed and renders a deterministic plain-text fallback (0.162375ms)
✔ DevelopmentStick projection and item counts remain enforceable on touch-friendly list fields (0.203667ms)
✔ groups courseware into the fixed mentor groups without changing item identity (0.692542ms)
✔ keeps empty mentor groups for empty and partial input (0.067041ms)
✔ preserves non-development relative order and does not mutate input (0.076709ms)
✔ empty input and new D packages are retained, without guessing role from title (0.082833ms)
✔ static courseware hand-off preserves package launch mode and exact identity (0.473917ms)
✔ explicit deep links overlay defaults without producing a second question mark (0.103542ms)
✔ private presenter metadata is centralized and declared for both dual-screen D decks (0.103375ms)
✔ course library exposes the protected presenter to mentors without mixing it into the audience artifact (0.128125ms)
✔ all authenticated static entry routes redirect before rendering the old launch gate (0.468542ms)
(node:68496) ExperimentalWarning: SQLite is an experimental feature and might change at any time
(Use `node --trace-warnings ...` to show where the warning was created)
✔ server editions persist complete immutable snapshots and old editions remain readable (16.027375ms)
✔ CAS concurrent and stale saves do not overwrite another mentor (7.474583ms)
✔ learner can read public text but cannot write; impersonation and observers cannot access editions (8.830792ms)
✔ base and field bounds reject invalid data, plain text is stored without executing HTML (8.616333ms)
✔ restoring original text is a new edition; decks and bases are isolated (70.236875ms)
✔ shared-v1 carries an edit across bases and reports changed or removed originals (12.160666ms)
✔ shared-v1 CAS is global across bases while decks remain isolated (11.777917ms)
✔ shared history supports explicit zero and immutable old reads (10.510208ms)
✔ legacy bases are retired after a shared edition exists (10.492541ms)
(node:68497) ExperimentalWarning: SQLite is an experimental feature and might change at any time
(Use `node --trace-warnings ...` to show where the warning was created)
✔ bundled product-mentor r2 is current while exact r0/r1 remain playable (127.730916ms)
✔ a production-style r0 registry upgrades to bundled r2 without rewriting r0 (190.651458ms)
✔ publishing r1 retains historical r0 while the default pointer becomes r1 (150.578041ms)
✔ Candidate and system fallback visibility remain fail-closed (0.154833ms)
✔ a directory bundle round-trips exact bytes and finalization is idempotent (24.255083ms)
✔ bundle validation rejects traversal, archives, private keys, bad chunks and incomplete uploads (7.70925ms)
✔ migration fails closed on mismatched legacy refs and installs immutable exact guards (11.930333ms)
✔ 120-minute P1/P2 upgrade adds new URLs without rewriting historical registry identities (204.932208ms)
✔ T-090 composes P history with a source-free D simulation without rewriting T-091 (6.401041ms)
✔ the D incident deck has twelve short R cards in the required 3/3/2/2/2 categories (2.846084ms)
✔ D owns four stable checkpoints and an exact 18-slide courseware binding (1.717417ms)
✔ the frozen D courseware manifest binds the exact local 18-slide bytes (9.247834ms)
✔ DevelopmentStick is a concrete ten-field D artifact handed to M at B09 (5.169625ms)
✔ 2, 4 and 6 learners receive persistent identity-free two-card views (23.374917ms)
✔ T-090 validation fails closed across source, ownership, schema and exact-courseware boundaries (7.913166ms)
✔ T-091 keeps immutable bundled r0 intact and adds an importable Candidate (13.854583ms)
✔ Ele.me CasePackage and historical ScriptPackage have one explicit P owner (1.030042ms)
✔ all F cards are enumerated by the evidence revision and R/G/U copy keeps its boundary (1.20925ms)
✔ T-091 validator rejects incomplete or mis-owned content packages (5.162958ms)
✔ T-091 validator rejects invalid handoffs and duplicate schema kinds (2.40825ms)
✔ ProductBrief is a concrete 10-field P-owned artifact handed to D at B05 (3.330334ms)
✔ only the active mentor receives the current private script; D/M/O do not inherit P history (5.751083ms)
✔ declared P courseware exact ref fails closed without affecting other mentor toolkits (1.507375ms)
✔ T-091 machine inventory remains aligned with the auditable Candidate (1.996458ms)
✔ T-091 revalidation keeps P ownership and evidence boundaries in the T-095 unified Candidate (17.3675ms)
✔ T-119 keeps the form public while showing its archive entry only to staff (1.753875ms)
✔ T-119 keeps ten topics, gates part two, requires part one and removes image uploads (1.781416ms)
✔ T-119 explains the two-part homework and Silicon Valley coin rewards (0.167292ms)
✔ T-131 limits popup editing to real staff and preserves immutable revisions (1.351375ms)
(node:68501) ExperimentalWarning: SQLite is an experimental feature and might change at any time
(Use `node --trace-warnings ...` to show where the warning was created)
✔ T-119 requires the complete first part, ignores retired image fields and keeps independent submissions (12.847625ms)
✔ T-119 validates required identity, choices and input limits while preserving literal text (14.484333ms)
✔ T-119 submissions are append-only at the database boundary (10.3925ms)
✔ T-131 appends teacher revisions, exposes the latest snapshot and rejects stale saves (8.389458ms)
✔ T-124 publishes an incubator introduction and a direct two-project library (2.492333ms)
✔ T-124 exact runtime manifest admits every and only declared browser file (49.828917ms)
✔ T-124 projects are self-contained, branded, navigable and explicit about prototype scope (4.738917ms)
(node:68503) ExperimentalWarning: SQLite is an experimental feature and might change at any time
(Use `node --trace-warnings ...` to show where the warning was created)
✔ T-125 versions templates, freezes recipients and exact fields at delivery (17.006625ms)
✔ T-125 enforces learner/staff scope, required answers, feedback and closure (11.416459ms)
✔ T-125 blocks non-owner template edits while allowing admin override (9.178042ms)
✔ T-125 idempotency keys replay identical writes and reject altered payloads (7.034917ms)
✔ M user-system courseware is bound to its exact immutable bytes (2.770666ms)
✔ M user-system courseware contains 49 usable browser slides (1.311125ms)
✔ public summary accepts only a Released exact version and is an explicit allow-list (8.028625ms)
✔ public projection has no mutation path into CourseDefinition or the historical world (4.586625ms)
✔ anonymous catalog route reads only released public summaries (0.816625ms)
(node:68506) ExperimentalWarning: SQLite is an experimental feature and might change at any time
(Use `node --trace-warnings ...` to show where the warning was created)
✔ T-086 backfills the unlock frontier without touching activity or economy records (3.464458ms)
✔ T-086 migration is additive and contains no destructive data statement (0.187417ms)
✔ navigation baseline pages exist (0.405083ms)
✔ core navigation uses real href-capable anchors (2.080458ms)
✔ Console, Studio, editor and classroom return loops retain real hrefs (1.591167ms)
✔ course exact preview links and auth/account return paths are source-backed (0.563542ms)
✔ retired routes are not reintroduced as navigation hrefs (1.442792ms)
✔ T-109 separates the public website, teaching services and internal history (0.905375ms)
(node:68508) ExperimentalWarning: SQLite is an experimental feature and might change at any time
(Use `node --trace-warnings ...` to show where the warning was created)
✔ T-113 mentor partial search stays scoped while exact admission and Admin search remain available (15.102667ms)
✔ T-105 open registration creates only an active learner and no classroom membership (74.0175ms)
✔ the full direct-edit Course Studio replaces the regressed summary-card editor (0.745708ms)
✔ editor-loader script ordering and failure surface are explicit and deterministic (2.5895ms)
✔ the restored editor speaks only to the versioned Studio API (1.211542ms)
✔ T-094 editor surfaces immutable data identity and does not fabricate it for a Working Copy (1.342542ms)
✔ the browser projector renders the same full editor for 4 mentors plus dynamic N learners (10.863125ms)
✔ desktop editor CSS preserves the old three-column workbench and responsive no-overlap fallbacks (0.923125ms)
✔ editor loader preloads all assets, executes in order, and is failure/duplicate safe (1.919334ms)
✔ editor init does not block catalog/course opening on release-info loading (0.740334ms)
✔ NavigationLink emits a native anchor and preserves exact identity query (2.993959ms)
✔ T-124 exposes a refreshable terminal shell and every agreed app route (1.40625ms)
✔ terminal clock uses the requested local YYYY.MM.DD HH:mm format (4.734208ms)
✔ T-124 implements real APIs, public-space privacy, wallet isolation and designed confirmations (3.572708ms)
(node:68512) ExperimentalWarning: SQLite is an experimental feature and might change at any time
(Use `node --trace-warnings ...` to show where the warning was created)
✔ T-124 distinguishes uninitialized and zero wallets, isolates TEST assets (26.771834ms)
✔ T-124 purchase is atomic, retry-safe and cannot double-own one decoration (7.794917ms)
✔ T-124 grants enforce classroom scope, idempotency and append-only reversal (8.241291ms)
✔ T-124 public space contains only explicit public copy (7.782334ms)
✔ duplicate id is reported (2.433834ms)
✔ bad filename and status (1.28025ms)
✔ missing numeric filename prefix (0.856709ms)
✔ dangling references and missing sequential ids are reported (0.706083ms)
✔ blocked items require an explicit reason (0.455834ms)
✔ open summary (0.352416ms)
ℹ tests 235
ℹ suites 0
ℹ pass 235
ℹ fail 0
ℹ cancelled 0
ℹ skipped 0
ℹ todo 0
ℹ duration_ms 4935.596834
