
> mini-silicon-valley-world@1.0.0 test:course-platform
> npm run audit:todos && npm run check:course-projector && node --import tsx --test tests/course-content-review.test.ts tests/classroom-atomicity.test.ts tests/course-platform.test.ts tests/course-platform-routes.test.ts tests/course-registry-concurrency.test.ts tests/classroom-factory.test.ts tests/classroom-factory-readiness.test.ts tests/classroom-schema.test.ts tests/admin-dm-migration.test.ts tests/script-progress-migration.test.ts tests/account-switching-rbac.test.ts tests/browser-account-switching.test.ts tests/studio-data-scope.test.ts tests/admin-learner-management.test.ts tests/studio-editor-restoration.test.ts tests/studio-startup.test.ts tests/course-field-isolation.test.ts tests/course-multi-case.test.ts tests/course-projection-consistency.test.ts tests/public-course-projection.test.ts tests/classroom-script-runtime.test.ts tests/courseware-navigation.test.ts tests/courseware-groups.test.ts tests/courseware-text-editions.test.ts tests/courseware-versioning.test.ts tests/eleme-product-mentor-package.test.ts tests/development-mentor-package.test.ts tests/market-mentor-package.test.ts tests/course-submission.test.ts tests/course-acceptance-contract.test.ts tests/site-navigation-contract.test.ts tests/terminal-platform.test.ts tests/terminal-interface-contract.test.ts tests/homework-platform.test.ts tests/homework-interface-contract.test.ts tests/ai-daily-quiz-platform.test.ts tests/ai-daily-quiz-interface-contract.test.ts tests/managed-homework-platform.test.ts tests/incubator-projects.test.ts tests/console-information-architecture.test.ts tests/todo-registry.test.ts


> mini-silicon-valley-world@1.0.0 audit:todos
> tsx scripts/audit-todos.ts

Todo registry: 66 files
- T-109 [blocked] 重组官网、教学与内部入口，整合 World 并深层归档 Workshop
- T-110 [blocked] 全站排查普通点击不跳转，并优化 Studio 首屏课程加载
- T-129 [backlog] 全站统一网页图标：使用模块思维教师视图的黄色 M favicon
- T-132 [in-progress] 开发导师模块思维课件扩展：120 分钟 WHAT／WHY／HOW 与学生游戏模块设计
- T-133 [in-progress] 开发导师 P2：把模块描述组织进完整项目的立棍提示词
- T-088 [blocked] 将无实体键盘的 iPad／平板作为学员课堂一等设备
warning: 119-team-targeted-questionnaires-and-reusable-templates.md has 1 unchecked checkbox(es)
warning: 122-p1-module-thinking-html-deck-and-presenter-view.md has 1 unchecked checkbox(es)
warning: 123-public-portal-and-console-information-architecture.md has 2 unchecked checkbox(es)
warning: 124-learner-time-terminal-space-wallet-and-shop.md has 2 unchecked checkbox(es)
warning: 127-ai-quiz-homework-deployment-and-teacher-access.md has 9 unchecked checkbox(es)

> mini-silicon-valley-world@1.0.0 check:course-projector
> tsx scripts/generate-course-projector.ts --check

Generated course projector is current.
✔ Console-hosted Studio navigation is a real-link, route-derived and recoverable surface (3.604208ms)
✔ unified account menu uses the server-side browser set and never stores credentials (4.432125ms)
✔ homepage and protected shells share readable account semantics (4.836125ms)
✔ Test impersonation is server-scoped, short-lived and actor/effective audited (0.663708ms)
✔ Admin DM authority is primary/delegated and cannot recurse (0.651833ms)
✔ account recovery for test identities remains exact-room and one-time (0.55275ms)
(node:72075) ExperimentalWarning: SQLite is an experimental feature and might change at any time
(Use `node --trace-warnings ...` to show where the warning was created)
✔ T-087 backfill creates one Primary, converts legacy peers and never resurrects a revoked grant (8.69675ms)
(node:72076) ExperimentalWarning: SQLite is an experimental feature and might change at any time
(Use `node --trace-warnings ...` to show where the warning was created)
✔ T-114 Admin creates, searches and safely edits one stable learner identity (569.33525ms)
✔ T-114 password reset revokes sessions and old credentials (549.074584ms)
✔ T-114 deletion is real only without history and numbered usernames are never recycled (389.645542ms)
✔ T-121 Admin batch deletion removes only safe selected learners and reports retained history (436.232708ms)
✔ T-121 deletion refuses to erase T-124 terminal assets, public space or ledger history (338.518ms)
✔ T-114 learner CRUD is platform-Admin only, never inherited from mentor or classroom DM identity (293.236208ms)
✔ AI quiz is public to answer but staff-only to review (0.638208ms)
✔ AI quiz keeps real mouse, keyboard and touch controls with server results (0.640667ms)
(node:72078) ExperimentalWarning: SQLite is an experimental feature and might change at any time
(Use `node --trace-warnings ...` to show where the warning was created)
✔ AI daily quiz preserves the audited 7-day, 35-question source (0.596583ms)
✔ AI daily quiz scores on the server, replays idempotently and lists independent submissions (10.949666ms)
✔ AI daily quiz rejects missing identity, incomplete answers and invalid days (8.291959ms)
✔ AI daily quiz submissions are append-only at the database boundary (6.443208ms)
(node:72079) ExperimentalWarning: SQLite is an experimental feature and might change at any time
(Use `node --trace-warnings ...` to show where the warning was created)
✔ T-106 keeps two verified accounts server-side and switches without either password (328.622583ms)
✔ T-106 rejects stale, expired and password-invalidated switches without losing the current account (248.830291ms)
✔ T-106 removes one account independently and logout-all revokes the whole browser set (205.83725ms)
✔ T-106 password change keeps the current set credential and invalidates other browser sets (300.483042ms)
✔ T-106 retains expired account metadata for targeted reauthentication (200.971458ms)
✔ T-106 revokes an empty browser set inside the final-account mutation (150.412708ms)
(node:72080) ExperimentalWarning: SQLite is an experimental feature and might change at any time
(Use `node --trace-warnings ...` to show where the warning was created)
✔ T-105 scopes Studio classroom indexes to assigned mentors and redacts acceptance summaries (592.058625ms)
✔ applyScriptAction couples progress, lifecycle, and audit writes atomically (236.582458ms)
✔ two mentors racing one script version produce exactly one complete mutation (191.8235ms)
✔ v3 final unlock stays running and explicit finish is atomic and idempotent (278.10025ms)
✔ completion evidence is optional unless the exact CourseDefinition explicitly requires it (257.408584ms)
✔ submission CAS is idempotent, rejects a reused key, and rolls back every failed write prefix (304.576042ms)
✔ review CAS rolls back payload, status, revision and audit at every write node (343.009542ms)
✔ reset rolls back at every write node and invalidates old-run unlocks and submissions (926.684375ms)
✔ multiple Test Classrooms coexist across the same exact version and a later Candidate (373.122ms)
✔ dependency-free Test Classroom deletion is atomic, physical, idempotent and globally isolated (239.812125ms)
✔ an unreferenced archived Test Classroom can be deleted without weakening the archive guard (186.122ms)
✔ Test Classroom archive is atomic, idempotent, immutable, isolated and read-only (228.635542ms)
✔ Production Classroom cannot enter the Test archive lifecycle (176.987042ms)
✔ archiving retains a UI receipt as historical evidence but invalidates future release use (267.259125ms)
✔ runtime source discards stale requests and keeps drafts scoped outside URLs and logs (0.478375ms)
✔ delayed B01, old role, and old-run responses cannot replace the current UI (0.079125ms)
✔ device drafts are isolated by actor, role view, classroom, run, seat, block and schema (0.099708ms)
✔ no course and requested exact preview are reported (0.9335ms)
✔ missing or invalid View receipt exposes concrete reasons (0.481583ms)
✔ production requires Released course and UI receipt (0.484708ms)
✔ current mentor courseware availability is independent from the selected script version and UI receipt (0.214375ms)
✔ mentor and learner omissions or duplicates are blocked (1.739666ms)
✔ Admin lock, and fully ready Test/Production checklists (0.126792ms)
✔ exactPreviewHref preserves exact encoded query (0.059833ms)
✔ Test and Production use one factory plan and the same state-machine version (2.577542ms)
✔ Production refuses Candidate and Test accepts Candidate (0.268125ms)
✔ every classroom requires an exact ViewAcceptanceReceipt (0.072584ms)
✔ factory requires exact four distinct mentor roles and exact learner count (0.078417ms)
✔ external factory validation does not bind or compare mentor courseware versions (0.190209ms)
✔ courseware bundle digest is canonical across API and DB property order (6.272ms)
✔ Admin DM is a permission and can overlap a mentor without creating a fifth role (0.177458ms)
✔ script unlock frontier is versioned, sequential and classroom-local (0.199667ms)
✔ an explicit Test reset is the only operation that advances run identity and deal seed (0.091833ms)
✔ initial D1 migration contains the complete classroom domain (1.257417ms)
✔ runtime schema bootstrap is idempotent and exactly mirrors the migration (6.004292ms)
✔ unified course factory keeps release, courseware, permissions and script progress exact (0.885917ms)
✔ simplified account and team migration retires old credentials without deleting audit history (0.220709ms)
✔ hosting and worker expose the logical DB binding (0.086834ms)
✔ store enforces server-side membership, DM gates, atomic ledger and privacy projection (0.155084ms)
✔ runtime treats unlock frontier and each browser cursor as separate systems (2.906708ms)
✔ T-093 Classroom progress segments invoke only existing personal navigation (0.402041ms)
✔ keyboard navigation never steals arrows from editable controls (0.331708ms)
✔ Test role tabs are exhaustive while Production rejects the viewAs contract (1.060458ms)
✔ T-094 exposes one exact runtime identity and preserves projector card order (3.898375ms)
✔ the Classroom Center uses native browser link semantics (0.314209ms)
✔ T-113 runtime member replacement searches server-side without widening account scope (0.889417ms)
✔ Stage 1 exposes complete private fields by hover or an explicit pinned expansion (0.55ms)
✔ T-123 provides the public, learner-service and internal Console route families (0.456917ms)
✔ T-123 enforces Console RBAC on the server and leaves personal surfaces separate (1.293625ms)
✔ portable account controls keep their color tokens and readable foregrounds inside Console (1.529542ms)
✔ T-123 keeps public navigation cache-safe and reveals Workbench only from account projection (0.263542ms)
✔ T-123 legacy Studio pages are redirects, not a second maintained UI (2.935958ms)
✔ T-123 deployment gateway and internal deep links use the same route split (1.793875ms)
✔ UI acceptance checklist is a stable, canonical sixteen-item contract (0.355375ms)
✔ acceptance checklist documentation matches the canonical renderer (12.179125ms)
✔ ClassroomRuntime consumes the shared checklist contract (5.237458ms)
✔ build identity and projector/runtime contracts are present (2.1295ms)
(node:72088) ExperimentalWarning: SQLite is an experimental feature and might change at any time
(Use `node --trace-warnings ...` to show where the warning was created)
✔ course review workbench lists authored open items without mutating the CourseDefinition (138.61925ms)
✔ explicit revision-required and reopen decisions block release while exclusion never masquerades as fixed (174.935875ms)
✔ source-added requires a traceable reference and terminal decisions require explicit reopen (114.75625ms)
✔ course review writes are CAS-safe, idempotent, exact-version scoped and append-only (76.866542ms)
✔ T-095 migration creates six stable, independent seat fields (12.654667ms)
✔ seat, mentor, card and explicit global aliases update in isolation (15.846958ms)
✔ legacy course-period alias remains readable but normalization removes the old single-case coupling (6.0745ms)
✔ six-to-four migration retains inactive seats and rejects malformed models (20.979125ms)
✔ 2/4/6 projections and unique dealing satisfy learner policy (41.8365ms)
✔ one neutral course validates two historical cases and one source-free simulation (3.286584ms)
✔ multi-case ownership rejects duplicate identities, crossed facts and unknown default case (5.10625ms)
✔ renaming the course does not rewrite case, cards, sources or stable course id (4.159916ms)
✔ Studio names courses by teaching theme and does not re-couple cloned cases (0.465208ms)
✔ T-085 route surface exists and has no legacy navigation dependency (6.912542ms)
✔ T-122 preserves historical D-mentor decks and selects the merged classroom default and protects teacher notes (2.03275ms)
✔ T-086 navigation names the two acceptance gates and keeps UI preview on real Test Classroom routes (7.807ms)
✔ T-096 makes /course/ a registry-backed Released library for real learners and mentors (2.868041ms)
✔ T-100 separates author Candidate preview, historical releases and latest classroom playback (3.204833ms)
✔ exact Studio preview login preserves course, revision and digest (0.349042ms)
✔ T-086 release and factory APIs enforce two exact acceptance receipts (0.429084ms)
✔ T-111 exposes exact Test Classroom creation, archive, and dependency-gated deletion (1.046917ms)
✔ T-099 Candidate API and editor require an exact base and expose a non-destructive conflict flow (1.165042ms)
✔ gateway owns Console, Terminal, Studio compatibility, Course and per-classroom routes (0.707333ms)
✔ the opaque P-mentor r0/r1/r2 identities are pinned consistently across build, runtime and package metadata (2.009958ms)
✔ one-time managed credentials are blocked from platform data until password replacement (1.000625ms)
✔ shared screen reads a dedicated allow-list projection instead of the private seat payload (1.583875ms)
✔ trusted mentors can bootstrap a classroom and become its scoped Admin DM (1.083083ms)
✔ retired POST endpoints drain request bodies before returning tombstones (1.045583ms)
✔ T-105 scopes Studio bootstrap data and permanently tombstones the legacy classroom API (5.176333ms)
✔ T-104 keeps course review decisions exact and parent QA review behind a server-only proxy (0.796334ms)
✔ legacy course definitions receive a bounded learner policy without mutating their exact JSON (3.305ms)
✔ one projector renders 4 mentors + N learners + one controller for N=2,4,6 (4.513833ms)
✔ learner private-card views are deterministic and isolated (1.96125ms)
✔ capacity and range failures explain the exact gap and fail closed (2.446917ms)
✔ learner tasks beyond learner04 come from the generic template, never fake fixed seats (2.170375ms)
✔ course identity and default case identity are independent (2.546291ms)
✔ repeat-when-needed deals intentionally repeat a non-empty small deck (1.186542ms)
✔ generated browser projector is the same source contract across all 195 T-095 role scenarios (701.539ms)
✔ checkpoint-owned deck selection remains exact when the macro step points elsewhere (6.312542ms)
✔ invalid authoring scenarios are explicit on both sides rather than silently clipped (8.368625ms)
✔ unknown blocks fail identically and never fall back to a macro-step deck (6.622583ms)
✔ repeat policy is deterministic while an empty repeat deck fails capacity explicitly (5.018ms)
✔ browser preview fails closed when its generated core dependency is absent (1.61925ms)
(node:72094) ExperimentalWarning: SQLite is an experimental feature and might change at any time
(Use `node --trace-warnings ...` to show where the warning was created)
✔ Studio startup reads current exact snapshots; history bodies are loaded only on demand (634.55925ms)
ℹ {"fullVersions":14,"currentVersions":3,"fullBytes":2923204,"currentBytes":531743,"fullMs":81.71662500000002,"currentMs":17.294000000000096}
✔ current-only Studio reads still verify each returned exact body digest (16.2525ms)
✔ sequential stale editors cannot overwrite a newer exact Candidate (44.375ms)
✔ two writers racing from one base produce one success and no orphan pointer (44.410625ms)
✔ same body retry is idempotent even when the caller did not receive the first response (46.199459ms)
✔ restoring an identical historical body creates a new immutable revision (47.735875ms)
✔ field-model normalization is written and immediately readable through the exact ref (25.056667ms)
✔ database exact guards reject digest mismatches without changing immutable history (19.450167ms)
✔ migration preflight aborts instead of repairing a legacy mismatched pointer (4.197542ms)
✔ Candidate save winning before release commit makes the checked release fail closed (56.364292ms)
✔ learner ProductBrief projection omits mentor-only rubric and prompts (0.400541ms)
✔ P mentor ProductBrief projection keeps the exact review rubric (0.533709ms)
✔ structured values reject unknown, missing, short and oversized fields (0.545833ms)
✔ stored payload parsing fails closed and renders a deterministic plain-text fallback (0.213458ms)
✔ DevelopmentStick projection and item counts remain enforceable on touch-friendly list fields (0.617ms)
✔ groups courseware into the fixed mentor groups without changing item identity (0.658084ms)
✔ keeps empty mentor groups for empty and partial input (0.066209ms)
✔ preserves non-development relative order and does not mutate input (0.080333ms)
✔ empty input and new D packages are retained, without guessing role from title (0.085417ms)
✔ static courseware hand-off preserves package launch mode and exact identity (0.509583ms)
✔ explicit deep links overlay defaults without producing a second question mark (0.298125ms)
✔ private presenter metadata is centralized and declared for both dual-screen D decks (0.245708ms)
✔ course library exposes the protected presenter to mentors without mixing it into the audience artifact (0.228792ms)
✔ all authenticated static entry routes redirect before rendering the old launch gate (0.667583ms)
(node:72098) ExperimentalWarning: SQLite is an experimental feature and might change at any time
(Use `node --trace-warnings ...` to show where the warning was created)
✔ server editions persist complete immutable snapshots and old editions remain readable (13.917208ms)
✔ CAS concurrent and stale saves do not overwrite another mentor (7.564042ms)
✔ learner can read public text but cannot write; impersonation and observers cannot access editions (6.757417ms)
✔ base and field bounds reject invalid data, plain text is stored without executing HTML (8.675542ms)
✔ restoring original text is a new edition; decks and bases are isolated (6.863666ms)
✔ shared-v1 carries an edit across bases and reports changed or removed originals (7.09525ms)
✔ shared-v1 CAS is global across bases while decks remain isolated (9.231291ms)
✔ shared history supports explicit zero and immutable old reads (6.902458ms)
✔ legacy bases are retired after a shared edition exists (6.777375ms)
(node:72099) ExperimentalWarning: SQLite is an experimental feature and might change at any time
(Use `node --trace-warnings ...` to show where the warning was created)
✔ bundled product-mentor r2 is current while exact r0/r1 remain playable (113.145958ms)
✔ a production-style r0 registry upgrades to bundled r2 without rewriting r0 (28.2045ms)
✔ publishing r1 retains historical r0 while the default pointer becomes r1 (156.887042ms)
✔ Candidate and system fallback visibility remain fail-closed (0.298916ms)
✔ a directory bundle round-trips exact bytes and finalization is idempotent (25.126792ms)
✔ bundle validation rejects traversal, archives, private keys, bad chunks and incomplete uploads (9.008083ms)
✔ migration fails closed on mismatched legacy refs and installs immutable exact guards (9.088459ms)
✔ 120-minute P1/P2 upgrade adds new URLs without rewriting historical registry identities (214.298875ms)
✔ T-090 composes P history with a source-free D simulation without rewriting T-091 (3.554875ms)
✔ the D incident deck has twelve short R cards in the required 3/3/2/2/2 categories (1.896708ms)
✔ D owns four stable checkpoints and an exact 18-slide courseware binding (2.270875ms)
✔ the frozen D courseware manifest binds the exact local 18-slide bytes (30.261125ms)
✔ DevelopmentStick is a concrete ten-field D artifact handed to M at B09 (3.930666ms)
✔ 2, 4 and 6 learners receive persistent identity-free two-card views (21.741958ms)
✔ T-090 validation fails closed across source, ownership, schema and exact-courseware boundaries (7.616958ms)
✔ T-091 keeps immutable bundled r0 intact and adds an importable Candidate (12.421791ms)
✔ Ele.me CasePackage and historical ScriptPackage have one explicit P owner (1.379875ms)
✔ all F cards are enumerated by the evidence revision and R/G/U copy keeps its boundary (0.791541ms)
✔ T-091 validator rejects incomplete or mis-owned content packages (2.273916ms)
✔ T-091 validator rejects invalid handoffs and duplicate schema kinds (2.199834ms)
✔ ProductBrief is a concrete 10-field P-owned artifact handed to D at B05 (7.784667ms)
✔ only the active mentor receives the current private script; D/M/O do not inherit P history (2.15925ms)
✔ declared P courseware exact ref fails closed without affecting other mentor toolkits (0.720875ms)
✔ T-091 machine inventory remains aligned with the auditable Candidate (1.342625ms)
✔ T-091 revalidation keeps P ownership and evidence boundaries in the T-095 unified Candidate (13.60975ms)
✔ T-119 keeps the form public while showing its archive entry only to staff (1.554291ms)
✔ T-119 keeps ten topics, gates part two, requires part one and removes image uploads (1.382625ms)
✔ T-119 explains the two-part homework and Silicon Valley coin rewards (0.873625ms)
✔ T-131 limits popup editing to real staff and preserves immutable revisions (0.913083ms)
(node:72103) ExperimentalWarning: SQLite is an experimental feature and might change at any time
(Use `node --trace-warnings ...` to show where the warning was created)
✔ T-119 requires the complete first part, ignores retired image fields and keeps independent submissions (19.09925ms)
✔ T-119 validates required identity, choices and input limits while preserving literal text (29.596333ms)
✔ T-119 submissions are append-only at the database boundary (21.072083ms)
✔ T-131 appends teacher revisions, exposes the latest snapshot and rejects stale saves (7.573875ms)
✔ T-124 publishes an incubator introduction and a direct two-project library (1.173916ms)
✔ T-124 exact runtime manifest admits every and only declared browser file (25.240667ms)
✔ T-124 projects are self-contained, branded, navigable and explicit about prototype scope (3.850083ms)
(node:72106) ExperimentalWarning: SQLite is an experimental feature and might change at any time
(Use `node --trace-warnings ...` to show where the warning was created)
✔ T-125 versions templates, freezes recipients and exact fields at delivery (14.510416ms)
✔ T-125 enforces learner/staff scope, required answers, feedback and closure (15.236666ms)
✔ T-125 blocks non-owner template edits while allowing admin override (10.940458ms)
✔ T-125 idempotency keys replay identical writes and reject altered payloads (6.917917ms)
✔ M user-system courseware is bound to its exact immutable bytes (1.811875ms)
✔ M user-system courseware contains 49 usable browser slides (0.638042ms)
✔ public summary accepts only a Released exact version and is an explicit allow-list (6.33425ms)
✔ public projection has no mutation path into CourseDefinition or the historical world (4.779875ms)
✔ anonymous catalog route reads only released public summaries (0.496209ms)
(node:72109) ExperimentalWarning: SQLite is an experimental feature and might change at any time
(Use `node --trace-warnings ...` to show where the warning was created)
✔ T-086 backfills the unlock frontier without touching activity or economy records (6.730292ms)
✔ T-086 migration is additive and contains no destructive data statement (0.230584ms)
✔ navigation baseline pages exist (1.041834ms)
✔ core navigation uses real href-capable anchors (2.339958ms)
✔ Console, Studio, editor and classroom return loops retain real hrefs (1.094375ms)
✔ course exact preview links and auth/account return paths are source-backed (0.998458ms)
✔ retired routes are not reintroduced as navigation hrefs (1.341ms)
✔ T-109 separates the public website, teaching services and internal history (1.212709ms)
(node:72111) ExperimentalWarning: SQLite is an experimental feature and might change at any time
(Use `node --trace-warnings ...` to show where the warning was created)
✔ T-113 mentor partial search stays scoped while exact admission and Admin search remain available (15.811792ms)
✔ T-105 open registration creates only an active learner and no classroom membership (83.23625ms)
✔ the full direct-edit Course Studio replaces the regressed summary-card editor (0.622417ms)
✔ editor-loader script ordering and failure surface are explicit and deterministic (0.481042ms)
✔ the restored editor speaks only to the versioned Studio API (1.322541ms)
✔ T-094 editor surfaces immutable data identity and does not fabricate it for a Working Copy (1.063084ms)
✔ the browser projector renders the same full editor for 4 mentors plus dynamic N learners (4.686542ms)
✔ desktop editor CSS preserves the old three-column workbench and responsive no-overlap fallbacks (1.125541ms)
✔ editor loader preloads all assets, executes in order, and is failure/duplicate safe (1.699083ms)
✔ editor init does not block catalog/course opening on release-info loading (0.579959ms)
✔ NavigationLink emits a native anchor and preserves exact identity query (2.91225ms)
✔ T-124 exposes a refreshable terminal shell and every agreed app route (2.772ms)
✔ terminal clock uses the requested local YYYY.MM.DD HH:mm format (0.914708ms)
✔ T-124 implements real APIs, public-space privacy, wallet isolation and designed confirmations (1.213625ms)
(node:72115) ExperimentalWarning: SQLite is an experimental feature and might change at any time
(Use `node --trace-warnings ...` to show where the warning was created)
✔ T-124 distinguishes uninitialized and zero wallets, isolates TEST assets (30.902459ms)
✔ T-124 purchase is atomic, retry-safe and cannot double-own one decoration (8.31475ms)
✔ T-124 grants enforce classroom scope, idempotency and append-only reversal (7.172542ms)
✔ T-124 public space contains only explicit public copy (7.039791ms)
✔ duplicate id is reported (1.909875ms)
✔ bad filename and status (0.434459ms)
✔ missing numeric filename prefix (0.476916ms)
✔ dangling references and missing sequential ids are reported (0.608209ms)
✔ blocked items require an explicit reason (0.752958ms)
✔ open summary (0.418333ms)
ℹ tests 235
ℹ suites 0
ℹ pass 235
ℹ fail 0
ℹ cancelled 0
ℹ skipped 0
ℹ todo 0
ℹ duration_ms 4765.275292
