
> mini-silicon-valley-world@1.0.0 test:course-platform
> npm run audit:todos && npm run check:course-projector && node --import tsx --test tests/course-content-review.test.ts tests/classroom-atomicity.test.ts tests/course-platform.test.ts tests/course-platform-routes.test.ts tests/course-registry-concurrency.test.ts tests/classroom-factory.test.ts tests/classroom-factory-readiness.test.ts tests/classroom-schema.test.ts tests/admin-dm-migration.test.ts tests/script-progress-migration.test.ts tests/account-switching-rbac.test.ts tests/browser-account-switching.test.ts tests/studio-data-scope.test.ts tests/admin-learner-management.test.ts tests/studio-editor-restoration.test.ts tests/studio-startup.test.ts tests/course-field-isolation.test.ts tests/course-multi-case.test.ts tests/course-projection-consistency.test.ts tests/public-course-projection.test.ts tests/classroom-script-runtime.test.ts tests/courseware-navigation.test.ts tests/courseware-groups.test.ts tests/courseware-text-editions.test.ts tests/courseware-versioning.test.ts tests/eleme-product-mentor-package.test.ts tests/development-mentor-package.test.ts tests/market-mentor-package.test.ts tests/course-submission.test.ts tests/course-acceptance-contract.test.ts tests/site-navigation-contract.test.ts tests/terminal-platform.test.ts tests/terminal-interface-contract.test.ts tests/homework-platform.test.ts tests/homework-interface-contract.test.ts tests/ai-daily-quiz-platform.test.ts tests/ai-daily-quiz-interface-contract.test.ts tests/managed-homework-platform.test.ts tests/incubator-projects.test.ts tests/console-information-architecture.test.ts tests/todo-registry.test.ts


> mini-silicon-valley-world@1.0.0 audit:todos
> tsx scripts/audit-todos.ts

Todo registry: 66 files
- T-109 [blocked] 重组官网、教学与内部入口，整合 World 并深层归档 Workshop
- T-110 [blocked] 全站排查普通点击不跳转，并优化 Studio 首屏课程加载
- T-129 [backlog] 全站统一网页图标：使用模块思维教师视图的黄色 M favicon
- T-132 [in-progress] 开发导师模块思维课件扩展：120 分钟 WHAT／WHY／HOW 与学生游戏模块设计
- T-133 [in-progress] 开发导师 P2：把模块描述组织进完整项目的立棍提示词
- T-088 [blocked] 将无实体键盘的 iPad／平板作为学员课堂一等设备
warning: 119-team-targeted-questionnaires-and-reusable-templates.md has 1 unchecked checkbox(es)
warning: 122-p1-module-thinking-html-deck-and-presenter-view.md has 1 unchecked checkbox(es)
warning: 123-public-portal-and-console-information-architecture.md has 2 unchecked checkbox(es)
warning: 124-learner-time-terminal-space-wallet-and-shop.md has 2 unchecked checkbox(es)
warning: 127-ai-quiz-homework-deployment-and-teacher-access.md has 9 unchecked checkbox(es)

> mini-silicon-valley-world@1.0.0 check:course-projector
> tsx scripts/generate-course-projector.ts --check

Generated course projector is current.
✔ Console-hosted Studio navigation is a real-link, route-derived and recoverable surface (1.272459ms)
✔ unified account menu uses the server-side browser set and never stores credentials (1.613834ms)
✔ homepage and protected shells share readable account semantics (2.883791ms)
✔ Test impersonation is server-scoped, short-lived and actor/effective audited (0.608375ms)
✔ Admin DM authority is primary/delegated and cannot recurse (1.169375ms)
✔ account recovery for test identities remains exact-room and one-time (0.431ms)
(node:73803) ExperimentalWarning: SQLite is an experimental feature and might change at any time
(Use `node --trace-warnings ...` to show where the warning was created)
✔ T-087 backfill creates one Primary, converts legacy peers and never resurrects a revoked grant (12.270292ms)
(node:73804) ExperimentalWarning: SQLite is an experimental feature and might change at any time
(Use `node --trace-warnings ...` to show where the warning was created)
✔ T-114 Admin creates, searches and safely edits one stable learner identity (507.071167ms)
✔ T-114 password reset revokes sessions and old credentials (560.691834ms)
✔ T-114 deletion is real only without history and numbered usernames are never recycled (389.7065ms)
✔ T-121 Admin batch deletion removes only safe selected learners and reports retained history (434.43025ms)
✔ T-121 deletion refuses to erase T-124 terminal assets, public space or ledger history (341.64925ms)
✔ T-114 learner CRUD is platform-Admin only, never inherited from mentor or classroom DM identity (312.892667ms)
✔ AI quiz is public to answer but staff-only to review (0.61975ms)
✔ AI quiz keeps real mouse, keyboard and touch controls with server results (0.389833ms)
(node:73806) ExperimentalWarning: SQLite is an experimental feature and might change at any time
(Use `node --trace-warnings ...` to show where the warning was created)
✔ AI daily quiz preserves the audited 7-day, 35-question source (0.598834ms)
✔ AI daily quiz scores on the server, replays idempotently and lists independent submissions (10.708833ms)
✔ AI daily quiz rejects missing identity, incomplete answers and invalid days (15.494208ms)
✔ AI daily quiz submissions are append-only at the database boundary (9.797708ms)
(node:73807) ExperimentalWarning: SQLite is an experimental feature and might change at any time
(Use `node --trace-warnings ...` to show where the warning was created)
✔ T-106 keeps two verified accounts server-side and switches without either password (324.354958ms)
✔ T-106 rejects stale, expired and password-invalidated switches without losing the current account (294.399792ms)
✔ T-106 removes one account independently and logout-all revokes the whole browser set (208.031625ms)
✔ T-106 password change keeps the current set credential and invalidates other browser sets (297.826292ms)
✔ T-106 retains expired account metadata for targeted reauthentication (199.384959ms)
✔ T-106 revokes an empty browser set inside the final-account mutation (150.85425ms)
(node:73808) ExperimentalWarning: SQLite is an experimental feature and might change at any time
(Use `node --trace-warnings ...` to show where the warning was created)
✔ T-105 scopes Studio classroom indexes to assigned mentors and redacts acceptance summaries (567.152709ms)
✔ applyScriptAction couples progress, lifecycle, and audit writes atomically (234.785542ms)
✔ two mentors racing one script version produce exactly one complete mutation (191.575167ms)
✔ v3 final unlock stays running and explicit finish is atomic and idempotent (275.990416ms)
✔ completion evidence is optional unless the exact CourseDefinition explicitly requires it (260.092667ms)
✔ submission CAS is idempotent, rejects a reused key, and rolls back every failed write prefix (301.4265ms)
✔ review CAS rolls back payload, status, revision and audit at every write node (358.597583ms)
✔ reset rolls back at every write node and invalidates old-run unlocks and submissions (928.608ms)
✔ multiple Test Classrooms coexist across the same exact version and a later Candidate (377.469542ms)
✔ dependency-free Test Classroom deletion is atomic, physical, idempotent and globally isolated (238.518459ms)
✔ an unreferenced archived Test Classroom can be deleted without weakening the archive guard (181.836208ms)
✔ Test Classroom archive is atomic, idempotent, immutable, isolated and read-only (221.233875ms)
✔ Production Classroom cannot enter the Test archive lifecycle (178.139958ms)
✔ archiving retains a UI receipt as historical evidence but invalidates future release use (266.333125ms)
✔ runtime source discards stale requests and keeps drafts scoped outside URLs and logs (0.390958ms)
✔ delayed B01, old role, and old-run responses cannot replace the current UI (0.0635ms)
✔ device drafts are isolated by actor, role view, classroom, run, seat, block and schema (0.086333ms)
✔ no course and requested exact preview are reported (0.610458ms)
✔ missing or invalid View receipt exposes concrete reasons (0.117625ms)
✔ production requires Released course and UI receipt (0.089542ms)
✔ current mentor courseware availability is independent from the selected script version and UI receipt (0.120291ms)
✔ mentor and learner omissions or duplicates are blocked (0.989292ms)
✔ Admin lock, and fully ready Test/Production checklists (0.13025ms)
✔ exactPreviewHref preserves exact encoded query (0.067125ms)
✔ Test and Production use one factory plan and the same state-machine version (3.024917ms)
✔ Production refuses Candidate and Test accepts Candidate (0.702625ms)
✔ every classroom requires an exact ViewAcceptanceReceipt (0.134333ms)
✔ factory requires exact four distinct mentor roles and exact learner count (0.162791ms)
✔ external factory validation does not bind or compare mentor courseware versions (0.211667ms)
✔ courseware bundle digest is canonical across API and DB property order (4.455917ms)
✔ Admin DM is a permission and can overlap a mentor without creating a fifth role (0.194375ms)
✔ script unlock frontier is versioned, sequential and classroom-local (0.196792ms)
✔ an explicit Test reset is the only operation that advances run identity and deal seed (0.085333ms)
✔ initial D1 migration contains the complete classroom domain (1.295459ms)
✔ runtime schema bootstrap is idempotent and exactly mirrors the migration (2.064959ms)
✔ unified course factory keeps release, courseware, permissions and script progress exact (1.332167ms)
✔ simplified account and team migration retires old credentials without deleting audit history (0.404083ms)
✔ hosting and worker expose the logical DB binding (0.085375ms)
✔ store enforces server-side membership, DM gates, atomic ledger and privacy projection (0.241083ms)
✔ runtime treats unlock frontier and each browser cursor as separate systems (7.098ms)
✔ T-093 Classroom progress segments invoke only existing personal navigation (1.475917ms)
✔ keyboard navigation never steals arrows from editable controls (0.393666ms)
✔ Test role tabs are exhaustive while Production rejects the viewAs contract (0.474625ms)
✔ T-094 exposes one exact runtime identity and preserves projector card order (2.336916ms)
✔ the Classroom Center uses native browser link semantics (0.40075ms)
✔ T-113 runtime member replacement searches server-side without widening account scope (1.01025ms)
✔ Stage 1 exposes complete private fields by hover or an explicit pinned expansion (0.398333ms)
✔ T-123 provides the public, learner-service and internal Console route families (0.424083ms)
✔ T-123 enforces Console RBAC on the server and leaves personal surfaces separate (0.299084ms)
✔ portable account controls keep their color tokens and readable foregrounds inside Console (1.095042ms)
✔ T-123 keeps public navigation cache-safe and reveals Workbench only from account projection (0.459917ms)
✔ T-123 legacy Studio pages are redirects, not a second maintained UI (0.924167ms)
✔ T-123 deployment gateway and internal deep links use the same route split (1.537959ms)
✔ UI acceptance checklist is a stable, canonical sixteen-item contract (0.367917ms)
✔ acceptance checklist documentation matches the canonical renderer (11.633625ms)
✔ ClassroomRuntime consumes the shared checklist contract (3.763375ms)
✔ build identity and projector/runtime contracts are present (2.285709ms)
(node:73815) ExperimentalWarning: SQLite is an experimental feature and might change at any time
(Use `node --trace-warnings ...` to show where the warning was created)
✔ course review workbench lists authored open items without mutating the CourseDefinition (140.478ms)
✔ explicit revision-required and reopen decisions block release while exclusion never masquerades as fixed (182.841708ms)
✔ source-added requires a traceable reference and terminal decisions require explicit reopen (126.613375ms)
✔ course review writes are CAS-safe, idempotent, exact-version scoped and append-only (75.49625ms)
✔ T-095 migration creates six stable, independent seat fields (19.998667ms)
✔ seat, mentor, card and explicit global aliases update in isolation (6.523625ms)
✔ legacy course-period alias remains readable but normalization removes the old single-case coupling (8.113291ms)
✔ six-to-four migration retains inactive seats and rejects malformed models (4.457625ms)
✔ 2/4/6 projections and unique dealing satisfy learner policy (35.243125ms)
✔ one neutral course validates two historical cases and one source-free simulation (3.421833ms)
✔ multi-case ownership rejects duplicate identities, crossed facts and unknown default case (2.861541ms)
✔ renaming the course does not rewrite case, cards, sources or stable course id (3.416667ms)
✔ Studio names courses by teaching theme and does not re-couple cloned cases (0.695333ms)
✔ T-085 route surface exists and has no legacy navigation dependency (1.346083ms)
✔ T-122 preserves historical D-mentor decks and selects the merged classroom default and protects teacher notes (1.750041ms)
✔ T-086 navigation names the two acceptance gates and keeps UI preview on real Test Classroom routes (1.907ms)
✔ T-096 makes /course/ a registry-backed Released library for real learners and mentors (0.822292ms)
✔ T-100 separates author Candidate preview, historical releases and latest classroom playback (1.127792ms)
✔ exact Studio preview login preserves course, revision and digest (1.691042ms)
✔ T-086 release and factory APIs enforce two exact acceptance receipts (1.361542ms)
✔ T-111 exposes exact Test Classroom creation, archive, and dependency-gated deletion (1.783083ms)
✔ T-099 Candidate API and editor require an exact base and expose a non-destructive conflict flow (0.959666ms)
✔ gateway owns Console, Terminal, Studio compatibility, Course and per-classroom routes (0.369958ms)
✔ the opaque P-mentor r0/r1/r2 identities are pinned consistently across build, runtime and package metadata (1.056917ms)
✔ one-time managed credentials are blocked from platform data until password replacement (0.149708ms)
✔ shared screen reads a dedicated allow-list projection instead of the private seat payload (1.163709ms)
✔ trusted mentors can bootstrap a classroom and become its scoped Admin DM (0.317292ms)
✔ retired POST endpoints drain request bodies before returning tombstones (0.132042ms)
✔ T-105 scopes Studio bootstrap data and permanently tombstones the legacy classroom API (0.818375ms)
✔ T-104 keeps course review decisions exact and parent QA review behind a server-only proxy (0.394083ms)
✔ legacy course definitions receive a bounded learner policy without mutating their exact JSON (12.121375ms)
✔ one projector renders 4 mentors + N learners + one controller for N=2,4,6 (3.239708ms)
✔ learner private-card views are deterministic and isolated (1.659292ms)
✔ capacity and range failures explain the exact gap and fail closed (3.713083ms)
✔ learner tasks beyond learner04 come from the generic template, never fake fixed seats (1.52975ms)
✔ course identity and default case identity are independent (1.171667ms)
✔ repeat-when-needed deals intentionally repeat a non-empty small deck (2.40975ms)
✔ generated browser projector is the same source contract across all 195 T-095 role scenarios (717.539375ms)
✔ checkpoint-owned deck selection remains exact when the macro step points elsewhere (6.088208ms)
✔ invalid authoring scenarios are explicit on both sides rather than silently clipped (8.411083ms)
✔ unknown blocks fail identically and never fall back to a macro-step deck (5.149833ms)
✔ repeat policy is deterministic while an empty repeat deck fails capacity explicitly (5.402125ms)
✔ browser preview fails closed when its generated core dependency is absent (1.596625ms)
(node:73821) ExperimentalWarning: SQLite is an experimental feature and might change at any time
(Use `node --trace-warnings ...` to show where the warning was created)
✔ Studio startup reads current exact snapshots; history bodies are loaded only on demand (625.114667ms)
ℹ {"fullVersions":14,"currentVersions":3,"fullBytes":2923204,"currentBytes":531743,"fullMs":80.24058300000002,"currentMs":15.936000000000035}
✔ current-only Studio reads still verify each returned exact body digest (15.188791ms)
✔ sequential stale editors cannot overwrite a newer exact Candidate (45.901125ms)
✔ two writers racing from one base produce one success and no orphan pointer (46.006833ms)
✔ same body retry is idempotent even when the caller did not receive the first response (46.760083ms)
✔ restoring an identical historical body creates a new immutable revision (47.753084ms)
✔ field-model normalization is written and immediately readable through the exact ref (24.871125ms)
✔ database exact guards reject digest mismatches without changing immutable history (20.858042ms)
✔ migration preflight aborts instead of repairing a legacy mismatched pointer (4.144417ms)
✔ Candidate save winning before release commit makes the checked release fail closed (55.846041ms)
✔ learner ProductBrief projection omits mentor-only rubric and prompts (0.870292ms)
✔ P mentor ProductBrief projection keeps the exact review rubric (1.259542ms)
✔ structured values reject unknown, missing, short and oversized fields (0.463292ms)
✔ stored payload parsing fails closed and renders a deterministic plain-text fallback (0.775833ms)
✔ DevelopmentStick projection and item counts remain enforceable on touch-friendly list fields (0.3055ms)
✔ groups courseware into the fixed mentor groups without changing item identity (0.678875ms)
✔ keeps empty mentor groups for empty and partial input (0.068708ms)
✔ preserves non-development relative order and does not mutate input (0.075708ms)
✔ empty input and new D packages are retained, without guessing role from title (0.089917ms)
✔ static courseware hand-off preserves package launch mode and exact identity (0.418416ms)
✔ explicit deep links overlay defaults without producing a second question mark (0.093ms)
✔ private presenter metadata is centralized and declared for both dual-screen D decks (0.091083ms)
✔ course library exposes the protected presenter to mentors without mixing it into the audience artifact (0.122ms)
✔ all authenticated static entry routes redirect before rendering the old launch gate (0.210167ms)
(node:73828) ExperimentalWarning: SQLite is an experimental feature and might change at any time
(Use `node --trace-warnings ...` to show where the warning was created)
✔ server editions persist complete immutable snapshots and old editions remain readable (10.333291ms)
✔ CAS concurrent and stale saves do not overwrite another mentor (10.883792ms)
✔ learner can read public text but cannot write; impersonation and observers cannot access editions (6.816833ms)
✔ base and field bounds reject invalid data, plain text is stored without executing HTML (7.952ms)
✔ restoring original text is a new edition; decks and bases are isolated (11.052708ms)
✔ shared-v1 carries an edit across bases and reports changed or removed originals (10.611792ms)
✔ shared-v1 CAS is global across bases while decks remain isolated (6.594792ms)
✔ shared history supports explicit zero and immutable old reads (6.461333ms)
✔ legacy bases are retired after a shared edition exists (6.811291ms)
(node:73829) ExperimentalWarning: SQLite is an experimental feature and might change at any time
(Use `node --trace-warnings ...` to show where the warning was created)
✔ bundled product-mentor r2 is current while exact r0/r1 remain playable (83.963958ms)
✔ a production-style r0 registry upgrades to bundled r2 without rewriting r0 (92.220875ms)
✔ publishing r1 retains historical r0 while the default pointer becomes r1 (139.985042ms)
✔ Candidate and system fallback visibility remain fail-closed (0.15475ms)
✔ a directory bundle round-trips exact bytes and finalization is idempotent (23.808041ms)
✔ bundle validation rejects traversal, archives, private keys, bad chunks and incomplete uploads (7.158958ms)
✔ migration fails closed on mismatched legacy refs and installs immutable exact guards (10.330041ms)
✔ 120-minute P1/P2 upgrade adds new URLs without rewriting historical registry identities (227.684792ms)
✔ T-090 composes P history with a source-free D simulation without rewriting T-091 (3.574667ms)
✔ the D incident deck has twelve short R cards in the required 3/3/2/2/2 categories (0.863875ms)
✔ D owns four stable checkpoints and an exact 18-slide courseware binding (0.781583ms)
✔ the frozen D courseware manifest binds the exact local 18-slide bytes (8.408542ms)
✔ DevelopmentStick is a concrete ten-field D artifact handed to M at B09 (1.813417ms)
✔ 2, 4 and 6 learners receive persistent identity-free two-card views (8.2415ms)
✔ T-090 validation fails closed across source, ownership, schema and exact-courseware boundaries (10.217125ms)
✔ T-091 keeps immutable bundled r0 intact and adds an importable Candidate (16.683458ms)
✔ Ele.me CasePackage and historical ScriptPackage have one explicit P owner (1.363ms)
✔ all F cards are enumerated by the evidence revision and R/G/U copy keeps its boundary (2.038917ms)
✔ T-091 validator rejects incomplete or mis-owned content packages (3.67875ms)
✔ T-091 validator rejects invalid handoffs and duplicate schema kinds (8.337875ms)
✔ ProductBrief is a concrete 10-field P-owned artifact handed to D at B05 (0.9535ms)
✔ only the active mentor receives the current private script; D/M/O do not inherit P history (2.580375ms)
✔ declared P courseware exact ref fails closed without affecting other mentor toolkits (3.793792ms)
✔ T-091 machine inventory remains aligned with the auditable Candidate (2.517458ms)
✔ T-091 revalidation keeps P ownership and evidence boundaries in the T-095 unified Candidate (9.121792ms)
✔ T-119 keeps the form public while showing its archive entry only to staff (1.318ms)
✔ T-119 keeps ten topics, gates part two, requires part one and removes image uploads (1.1705ms)
✔ T-119 explains the two-part homework and Silicon Valley coin rewards (0.653833ms)
✔ T-131 limits popup editing to real staff and preserves immutable revisions (0.332542ms)
(node:73834) ExperimentalWarning: SQLite is an experimental feature and might change at any time
(Use `node --trace-warnings ...` to show where the warning was created)
✔ T-119 requires the complete first part, ignores retired image fields and keeps independent submissions (11.475167ms)
✔ T-119 validates required identity, choices and input limits while preserving literal text (8.662666ms)
✔ T-119 submissions are append-only at the database boundary (17.780291ms)
✔ T-131 appends teacher revisions, exposes the latest snapshot and rejects stale saves (9.397416ms)
✔ T-124 publishes an incubator introduction and a direct two-project library (1.112584ms)
✔ T-124 exact runtime manifest admits every and only declared browser file (22.2765ms)
✔ T-124 projects are self-contained, branded, navigable and explicit about prototype scope (3.03975ms)
(node:73838) ExperimentalWarning: SQLite is an experimental feature and might change at any time
(Use `node --trace-warnings ...` to show where the warning was created)
✔ T-125 versions templates, freezes recipients and exact fields at delivery (16.131625ms)
✔ T-125 enforces learner/staff scope, required answers, feedback and closure (11.679334ms)
✔ T-125 blocks non-owner template edits while allowing admin override (38.736917ms)
✔ T-125 idempotency keys replay identical writes and reject altered payloads (7.187166ms)
✔ M user-system courseware is bound to its exact immutable bytes (1.5895ms)
✔ M user-system courseware contains 49 usable browser slides (0.5805ms)
✔ public summary accepts only a Released exact version and is an explicit allow-list (13.781458ms)
✔ public projection has no mutation path into CourseDefinition or the historical world (2.774666ms)
✔ anonymous catalog route reads only released public summaries (0.219084ms)
(node:73841) ExperimentalWarning: SQLite is an experimental feature and might change at any time
(Use `node --trace-warnings ...` to show where the warning was created)
✔ T-086 backfills the unlock frontier without touching activity or economy records (4.683875ms)
✔ T-086 migration is additive and contains no destructive data statement (0.165542ms)
✔ navigation baseline pages exist (0.5185ms)
✔ core navigation uses real href-capable anchors (1.456709ms)
✔ Console, Studio, editor and classroom return loops retain real hrefs (0.461292ms)
✔ course exact preview links and auth/account return paths are source-backed (0.2115ms)
✔ retired routes are not reintroduced as navigation hrefs (0.563083ms)
✔ T-109 separates the public website, teaching services and internal history (0.44625ms)
(node:73843) ExperimentalWarning: SQLite is an experimental feature and might change at any time
(Use `node --trace-warnings ...` to show where the warning was created)
✔ T-113 mentor partial search stays scoped while exact admission and Admin search remain available (8.953958ms)
✔ T-105 open registration creates only an active learner and no classroom membership (72.18875ms)
✔ the full direct-edit Course Studio replaces the regressed summary-card editor (0.594375ms)
✔ editor-loader script ordering and failure surface are explicit and deterministic (0.190375ms)
✔ the restored editor speaks only to the versioned Studio API (0.532667ms)
✔ T-094 editor surfaces immutable data identity and does not fabricate it for a Working Copy (0.20175ms)
✔ the browser projector renders the same full editor for 4 mentors plus dynamic N learners (4.464541ms)
✔ desktop editor CSS preserves the old three-column workbench and responsive no-overlap fallbacks (1.071625ms)
✔ editor loader preloads all assets, executes in order, and is failure/duplicate safe (6.257583ms)
✔ editor init does not block catalog/course opening on release-info loading (0.979917ms)
✔ NavigationLink emits a native anchor and preserves exact identity query (3.229583ms)
✔ T-124 exposes a refreshable terminal shell and every agreed app route (1.233416ms)
✔ terminal clock uses the requested local YYYY.MM.DD HH:mm format (1.120833ms)
✔ T-124 implements real APIs, public-space privacy, wallet isolation and designed confirmations (0.865875ms)
(node:73847) ExperimentalWarning: SQLite is an experimental feature and might change at any time
(Use `node --trace-warnings ...` to show where the warning was created)
✔ T-124 distinguishes uninitialized and zero wallets, isolates TEST assets (28.691708ms)
✔ T-124 purchase is atomic, retry-safe and cannot double-own one decoration (9.187667ms)
✔ T-124 grants enforce classroom scope, idempotency and append-only reversal (7.359458ms)
✔ T-124 public space contains only explicit public copy (7.15875ms)
✔ duplicate id is reported (3.865ms)
✔ bad filename and status (0.567417ms)
✔ missing numeric filename prefix (0.551916ms)
✔ dangling references and missing sequential ids are reported (0.736042ms)
✔ blocked items require an explicit reason (0.871375ms)
✔ open summary (0.301625ms)
ℹ tests 235
ℹ suites 0
ℹ pass 235
ℹ fail 0
ℹ cancelled 0
ℹ skipped 0
ℹ todo 0
ℹ duration_ms 4796.390333
