
> mini-silicon-valley-world@1.0.0 test:p1:game-focus
> npm run test:t122:courseware && node courseware/module-thinking-deck/tests/verify-game-focus.mjs && node courseware/module-thinking-deck/tests/verify-public-case-style.mjs && node courseware/module-thinking-deck/tests/verify-interface-cases.mjs && node courseware/module-thinking-deck/tests/verify-module-assembly.mjs && node courseware/module-thinking-deck/tests/verify-worked-example.mjs && node courseware/module-thinking-deck/tests/verify-transform-sequence.mjs && node courseware/module-thinking-deck/tests/verify-relation-controls.mjs && node courseware/module-thinking-deck/tests/verify-automation-explode.mjs && node courseware/shared/tests/verify-text-editor-local.mjs && node courseware/module-thinking-deck/tests/verify-six-field-card.mjs && node courseware/module-thinking-deck/tests/verify-bag-walkthrough.mjs && node courseware/module-thinking-deck/tests/verify-large-scenes.mjs && node courseware/module-thinking-deck/tests/verify-scene-reconciliation.mjs && node courseware/module-thinking-deck/tests/verify-how-map.mjs && node courseware/module-thinking-deck/tests/verify-ai-merge.mjs && node courseware/module-thinking-deck/tests/verify-ai-templates.mjs && node courseware/module-thinking-deck/tests/verify-workbook.mjs


> mini-silicon-valley-world@1.0.0 test:t122:courseware
> npm run build:t122:courseware && node courseware/module-thinking-deck/tests/verify.mjs && node courseware/module-thinking-deck/tests/verify-integration.mjs


> mini-silicon-valley-world@1.0.0 build:t122:courseware
> node courseware/module-thinking-deck/scripts/build.mjs

module-thinking-p1: 37 slides; deployment-ready 0a92141e058e8732d3d5dbc4c101efa27a7150198abc94cfafa7a54cf3bef4e8; physical teacher split
T-132 structural checks passed (T-128/T-130 preserved): 37 slides/S08 and S11 intentionally removed, 120+120 minutes, three local 3D scenes, complete notes, separated audience bundle, printable worksheets.
verify-voxel: all checks passed
T-132/T-133 immutable release integration passed (human acceptance unsigned): 0a92141e058e8732d3d5dbc4c101efa27a7150198abc94cfafa7a54cf3bef4e8, audience 66, teacher 43.
P1_GAME_FOCUS_PASS: 37 slides, 120+120 minutes, game-only active examples, own-project interaction, draft isolation.
CONVEYOR_SIX_AND_TEACHER_RESOURCES_PASS
Public S09/S10 style and deck contract PASS
S13 interface cases structure, normalization, keyboard wiring and build parity PASS
S14 module assembly layout, deck controls, normalization and build parity PASS
S12 worked example structure, answers, normalization, helper behavior and build parity PASS
Transform sequence timing, build parity, and module-3d wiring passed.
Actual Three.js 5-second explosion/reassembly, intermediate positions and interrupted reversal PASS
S05 cards/actions, state isolation, real 3D trajectories, smooth switching, terrain fade and build parity PASS
Shared WebGL node reuse retains the same scene identity PASS
Automation actual multi-axis explosion, continuous 2.5s assembly, motion gate, framing, interruption and camera PASS
Actual text editor apply/field: direct edit, saved mode, original/preview restore, listener dedupe, pause/history/audience isolation PASS
verify-six-field-card: PASS
HOW04_CONCRETE_BAG_PASS: normal/full/error/retest diagrams, bounded game rules and notes
verify-large-scenes PASS: 7 P1 scenes, scoped enlarged dimensions, compact 618px body, P2 isolation
Scene reconciliation PASS: real dataset mapping, all 12 cross-type pairs, same-type camera retention, rapid switch, original-bug mutation; DOM logic only
verify-how-map: PASS
AI merge PASS: 37 pages, 120+120, 429 old fields preserved, 13 concrete slides, real bag rules, authority gates, reducer and DOM wiring, both screen adapters
PASS verify-ai-templates
Three-in-one packs: canonical composition, complete car example, module map and six-field AI-only child PASS
Workbook real handlers: default combined, edit both inputs, preserve switches, full copy/download/print, fallback, standalone templates PASS
