
> mini-silicon-valley-world@1.0.0 test:course-platform
> npm run audit:todos && npm run check:course-projector && node --import tsx --test tests/course-content-review.test.ts tests/classroom-atomicity.test.ts tests/course-platform.test.ts tests/course-platform-routes.test.ts tests/course-registry-concurrency.test.ts tests/classroom-factory.test.ts tests/classroom-factory-readiness.test.ts tests/classroom-schema.test.ts tests/admin-dm-migration.test.ts tests/script-progress-migration.test.ts tests/account-switching-rbac.test.ts tests/browser-account-switching.test.ts tests/studio-data-scope.test.ts tests/admin-learner-management.test.ts tests/studio-editor-restoration.test.ts tests/studio-startup.test.ts tests/course-field-isolation.test.ts tests/course-multi-case.test.ts tests/course-projection-consistency.test.ts tests/public-course-projection.test.ts tests/classroom-script-runtime.test.ts tests/courseware-navigation.test.ts tests/courseware-groups.test.ts tests/courseware-text-editions.test.ts tests/courseware-versioning.test.ts tests/eleme-product-mentor-package.test.ts tests/development-mentor-package.test.ts tests/market-mentor-package.test.ts tests/course-submission.test.ts tests/course-acceptance-contract.test.ts tests/site-navigation-contract.test.ts tests/terminal-platform.test.ts tests/terminal-interface-contract.test.ts tests/homework-platform.test.ts tests/homework-interface-contract.test.ts tests/ai-daily-quiz-platform.test.ts tests/ai-daily-quiz-interface-contract.test.ts tests/managed-homework-platform.test.ts tests/incubator-projects.test.ts tests/console-information-architecture.test.ts tests/todo-registry.test.ts


> mini-silicon-valley-world@1.0.0 audit:todos
> tsx scripts/audit-todos.ts

Todo registry: 66 files
- T-109 [blocked] 重组官网、教学与内部入口，整合 World 并深层归档 Workshop
- T-110 [blocked] 全站排查普通点击不跳转，并优化 Studio 首屏课程加载
- T-129 [backlog] 全站统一网页图标：使用模块思维教师视图的黄色 M favicon
- T-132 [in-progress] 开发导师模块思维课件扩展：120 分钟 WHAT／WHY／HOW 与学生游戏模块设计
- T-133 [in-progress] 开发导师 P2：把模块描述组织进完整项目的立棍提示词
- T-088 [blocked] 将无实体键盘的 iPad／平板作为学员课堂一等设备
warning: 119-team-targeted-questionnaires-and-reusable-templates.md has 1 unchecked checkbox(es)
warning: 122-p1-module-thinking-html-deck-and-presenter-view.md has 1 unchecked checkbox(es)
warning: 123-public-portal-and-console-information-architecture.md has 2 unchecked checkbox(es)
warning: 124-learner-time-terminal-space-wallet-and-shop.md has 2 unchecked checkbox(es)
warning: 127-ai-quiz-homework-deployment-and-teacher-access.md has 9 unchecked checkbox(es)

> mini-silicon-valley-world@1.0.0 check:course-projector
> tsx scripts/generate-course-projector.ts --check

Generated course projector is current.
✔ Console-hosted Studio navigation is a real-link, route-derived and recoverable surface (1.407375ms)
✔ unified account menu uses the server-side browser set and never stores credentials (2.079458ms)
✔ homepage and protected shells share readable account semantics (4.922292ms)
✔ Test impersonation is server-scoped, short-lived and actor/effective audited (0.483958ms)
✔ Admin DM authority is primary/delegated and cannot recurse (0.932292ms)
✔ account recovery for test identities remains exact-room and one-time (0.404417ms)
(node:27560) ExperimentalWarning: SQLite is an experimental feature and might change at any time
(Use `node --trace-warnings ...` to show where the warning was created)
✔ T-087 backfill creates one Primary, converts legacy peers and never resurrects a revoked grant (9.175291ms)
(node:27561) ExperimentalWarning: SQLite is an experimental feature and might change at any time
(Use `node --trace-warnings ...` to show where the warning was created)
✔ T-114 Admin creates, searches and safely edits one stable learner identity (751.227833ms)
✔ T-114 password reset revokes sessions and old credentials (620.884667ms)
✔ T-114 deletion is real only without history and numbered usernames are never recycled (400.484916ms)
✔ T-121 Admin batch deletion removes only safe selected learners and reports retained history (443.220833ms)
✔ T-121 deletion refuses to erase T-124 terminal assets, public space or ledger history (341.295834ms)
✔ T-114 learner CRUD is platform-Admin only, never inherited from mentor or classroom DM identity (293.060416ms)
✔ AI quiz is public to answer but staff-only to review (1.021917ms)
✔ AI quiz keeps real mouse, keyboard and touch controls with server results (0.552959ms)
(node:27563) ExperimentalWarning: SQLite is an experimental feature and might change at any time
(Use `node --trace-warnings ...` to show where the warning was created)
✔ AI daily quiz preserves the audited 7-day, 35-question source (0.681625ms)
✔ AI daily quiz scores on the server, replays idempotently and lists independent submissions (12.3125ms)
✔ AI daily quiz rejects missing identity, incomplete answers and invalid days (8.093041ms)
✔ AI daily quiz submissions are append-only at the database boundary (6.996916ms)
(node:27564) ExperimentalWarning: SQLite is an experimental feature and might change at any time
(Use `node --trace-warnings ...` to show where the warning was created)
✔ T-106 keeps two verified accounts server-side and switches without either password (527.72575ms)
✔ T-106 rejects stale, expired and password-invalidated switches without losing the current account (289.114125ms)
✔ T-106 removes one account independently and logout-all revokes the whole browser set (210.115625ms)
✔ T-106 password change keeps the current set credential and invalidates other browser sets (304.836208ms)
✔ T-106 retains expired account metadata for targeted reauthentication (205.1295ms)
✔ T-106 revokes an empty browser set inside the final-account mutation (154.37525ms)
(node:27565) ExperimentalWarning: SQLite is an experimental feature and might change at any time
(Use `node --trace-warnings ...` to show where the warning was created)
✔ T-105 scopes Studio classroom indexes to assigned mentors and redacts acceptance summaries (744.158541ms)
✔ applyScriptAction couples progress, lifecycle, and audit writes atomically (246.614167ms)
✔ two mentors racing one script version produce exactly one complete mutation (199.635791ms)
✔ v3 final unlock stays running and explicit finish is atomic and idempotent (303.086166ms)
✔ completion evidence is optional unless the exact CourseDefinition explicitly requires it (280.100125ms)
✔ submission CAS is idempotent, rejects a reused key, and rolls back every failed write prefix (299.893625ms)
✔ review CAS rolls back payload, status, revision and audit at every write node (353.8915ms)
✔ reset rolls back at every write node and invalidates old-run unlocks and submissions (925.171958ms)
✔ multiple Test Classrooms coexist across the same exact version and a later Candidate (367.033334ms)
✔ dependency-free Test Classroom deletion is atomic, physical, idempotent and globally isolated (255.367834ms)
✔ an unreferenced archived Test Classroom can be deleted without weakening the archive guard (174.809041ms)
✔ Test Classroom archive is atomic, idempotent, immutable, isolated and read-only (217.088542ms)
✔ Production Classroom cannot enter the Test archive lifecycle (195.224125ms)
✔ archiving retains a UI receipt as historical evidence but invalidates future release use (256.765ms)
✔ runtime source discards stale requests and keeps drafts scoped outside URLs and logs (0.4555ms)
✔ delayed B01, old role, and old-run responses cannot replace the current UI (0.0895ms)
✔ device drafts are isolated by actor, role view, classroom, run, seat, block and schema (0.114209ms)
✔ no course and requested exact preview are reported (5.534875ms)
✔ missing or invalid View receipt exposes concrete reasons (1.545292ms)
✔ production requires Released course and UI receipt (0.128333ms)
✔ current mentor courseware availability is independent from the selected script version and UI receipt (0.098916ms)
✔ mentor and learner omissions or duplicates are blocked (4.527792ms)
✔ Admin lock, and fully ready Test/Production checklists (0.178292ms)
✔ exactPreviewHref preserves exact encoded query (0.05625ms)
✔ Test and Production use one factory plan and the same state-machine version (44.652958ms)
✔ Production refuses Candidate and Test accepts Candidate (0.25125ms)
✔ every classroom requires an exact ViewAcceptanceReceipt (0.05125ms)
✔ factory requires exact four distinct mentor roles and exact learner count (0.06675ms)
✔ external factory validation does not bind or compare mentor courseware versions (0.079917ms)
✔ courseware bundle digest is canonical across API and DB property order (13.239292ms)
✔ Admin DM is a permission and can overlap a mentor without creating a fifth role (6.321334ms)
✔ script unlock frontier is versioned, sequential and classroom-local (0.228292ms)
✔ an explicit Test reset is the only operation that advances run identity and deal seed (0.084083ms)
✔ initial D1 migration contains the complete classroom domain (1.391834ms)
✔ runtime schema bootstrap is idempotent and exactly mirrors the migration (2.7985ms)
✔ unified course factory keeps release, courseware, permissions and script progress exact (0.940792ms)
✔ simplified account and team migration retires old credentials without deleting audit history (0.232833ms)
✔ hosting and worker expose the logical DB binding (0.0505ms)
✔ store enforces server-side membership, DM gates, atomic ledger and privacy projection (0.142209ms)
✔ runtime treats unlock frontier and each browser cursor as separate systems (2.326291ms)
✔ T-093 Classroom progress segments invoke only existing personal navigation (0.53125ms)
✔ keyboard navigation never steals arrows from editable controls (0.374042ms)
✔ Test role tabs are exhaustive while Production rejects the viewAs contract (0.527209ms)
✔ T-094 exposes one exact runtime identity and preserves projector card order (58.987834ms)
✔ the Classroom Center uses native browser link semantics (8.593917ms)
✔ T-113 runtime member replacement searches server-side without widening account scope (1.412833ms)
✔ Stage 1 exposes complete private fields by hover or an explicit pinned expansion (0.442875ms)
✔ T-123 provides the public, learner-service and internal Console route families (0.983958ms)
✔ T-123 enforces Console RBAC on the server and leaves personal surfaces separate (0.56025ms)
✔ portable account controls keep their color tokens and readable foregrounds inside Console (1.448791ms)
✔ T-123 keeps public navigation cache-safe and reveals Workbench only from account projection (1.106958ms)
✔ T-123 legacy Studio pages are redirects, not a second maintained UI (0.602666ms)
✔ T-123 deployment gateway and internal deep links use the same route split (1.495125ms)
✔ UI acceptance checklist is a stable, canonical sixteen-item contract (0.380542ms)
✔ acceptance checklist documentation matches the canonical renderer (10.51275ms)
✔ ClassroomRuntime consumes the shared checklist contract (3.609167ms)
✔ build identity and projector/runtime contracts are present (3.394417ms)
(node:27572) ExperimentalWarning: SQLite is an experimental feature and might change at any time
(Use `node --trace-warnings ...` to show where the warning was created)
✔ course review workbench lists authored open items without mutating the CourseDefinition (105.648166ms)
✔ explicit revision-required and reopen decisions block release while exclusion never masquerades as fixed (270.399208ms)
✔ source-added requires a traceable reference and terminal decisions require explicit reopen (130.714208ms)
✔ course review writes are CAS-safe, idempotent, exact-version scoped and append-only (144.067125ms)
✔ T-095 migration creates six stable, independent seat fields (12.223083ms)
✔ seat, mentor, card and explicit global aliases update in isolation (9.619583ms)
✔ legacy course-period alias remains readable but normalization removes the old single-case coupling (7.235583ms)
✔ six-to-four migration retains inactive seats and rejects malformed models (4.429167ms)
✔ 2/4/6 projections and unique dealing satisfy learner policy (16.776208ms)
✔ one neutral course validates two historical cases and one source-free simulation (5.251666ms)
✔ multi-case ownership rejects duplicate identities, crossed facts and unknown default case (3.646583ms)
✔ renaming the course does not rewrite case, cards, sources or stable course id (1.496ms)
✔ Studio names courses by teaching theme and does not re-couple cloned cases (1.246875ms)
✔ T-085 route surface exists and has no legacy navigation dependency (1.478209ms)
✔ T-122 preserves historical D-mentor decks and selects the merged classroom default and protects teacher notes (6.432583ms)
✔ T-086 navigation names the two acceptance gates and keeps UI preview on real Test Classroom routes (1.449ms)
✔ T-096 makes /course/ a registry-backed Released library for real learners and mentors (0.298417ms)
✔ T-100 separates author Candidate preview, historical releases and latest classroom playback (0.613084ms)
✔ exact Studio preview login preserves course, revision and digest (0.185875ms)
✔ T-086 release and factory APIs enforce two exact acceptance receipts (0.357ms)
✔ T-111 exposes exact Test Classroom creation, archive, and dependency-gated deletion (0.71925ms)
✔ T-099 Candidate API and editor require an exact base and expose a non-destructive conflict flow (0.351167ms)
✔ gateway owns Console, Terminal, Studio compatibility, Course and per-classroom routes (0.147417ms)
✔ the opaque P-mentor r0/r1/r2 identities are pinned consistently across build, runtime and package metadata (1.735125ms)
✔ one-time managed credentials are blocked from platform data until password replacement (0.5755ms)
✔ shared screen reads a dedicated allow-list projection instead of the private seat payload (2.439625ms)
✔ trusted mentors can bootstrap a classroom and become its scoped Admin DM (0.695792ms)
✔ retired POST endpoints drain request bodies before returning tombstones (0.554791ms)
✔ T-105 scopes Studio bootstrap data and permanently tombstones the legacy classroom API (2.928417ms)
✔ T-104 keeps course review decisions exact and parent QA review behind a server-only proxy (0.597791ms)
✔ legacy course definitions receive a bounded learner policy without mutating their exact JSON (2.0395ms)
✔ one projector renders 4 mentors + N learners + one controller for N=2,4,6 (3.274375ms)
✔ learner private-card views are deterministic and isolated (1.431333ms)
✔ capacity and range failures explain the exact gap and fail closed (5.977959ms)
✔ learner tasks beyond learner04 come from the generic template, never fake fixed seats (2.058542ms)
✔ course identity and default case identity are independent (2.268417ms)
✔ repeat-when-needed deals intentionally repeat a non-empty small deck (2.414833ms)
✔ generated browser projector is the same source contract across all 195 T-095 role scenarios (827.730541ms)
✔ checkpoint-owned deck selection remains exact when the macro step points elsewhere (5.649458ms)
✔ invalid authoring scenarios are explicit on both sides rather than silently clipped (8.646709ms)
✔ unknown blocks fail identically and never fall back to a macro-step deck (5.563ms)
✔ repeat policy is deterministic while an empty repeat deck fails capacity explicitly (6.8255ms)
✔ browser preview fails closed when its generated core dependency is absent (2.420084ms)
(node:27585) ExperimentalWarning: SQLite is an experimental feature and might change at any time
(Use `node --trace-warnings ...` to show where the warning was created)
✔ Studio startup reads current exact snapshots; history bodies are loaded only on demand (784.710792ms)
ℹ {"fullVersions":14,"currentVersions":3,"fullBytes":2923204,"currentBytes":531743,"fullMs":120.32683299999997,"currentMs":18.200792000000092}
✔ current-only Studio reads still verify each returned exact body digest (16.697292ms)
✔ sequential stale editors cannot overwrite a newer exact Candidate (51.830084ms)
✔ two writers racing from one base produce one success and no orphan pointer (46.643792ms)
✔ same body retry is idempotent even when the caller did not receive the first response (48.435042ms)
✔ restoring an identical historical body creates a new immutable revision (46.521625ms)
✔ field-model normalization is written and immediately readable through the exact ref (25.590833ms)
✔ database exact guards reject digest mismatches without changing immutable history (22.079083ms)
✔ migration preflight aborts instead of repairing a legacy mismatched pointer (4.042917ms)
✔ Candidate save winning before release commit makes the checked release fail closed (56.697083ms)
✔ learner ProductBrief projection omits mentor-only rubric and prompts (0.404333ms)
✔ P mentor ProductBrief projection keeps the exact review rubric (0.353625ms)
✔ structured values reject unknown, missing, short and oversized fields (0.40825ms)
✔ stored payload parsing fails closed and renders a deterministic plain-text fallback (0.174583ms)
✔ DevelopmentStick projection and item counts remain enforceable on touch-friendly list fields (0.199958ms)
✔ groups courseware into the fixed mentor groups without changing item identity (0.690875ms)
✔ keeps empty mentor groups for empty and partial input (0.517083ms)
✔ preserves non-development relative order and does not mutate input (0.747583ms)
✔ empty input and new D packages are retained, without guessing role from title (3.325666ms)
✔ static courseware hand-off preserves package launch mode and exact identity (1.166916ms)
✔ explicit deep links overlay defaults without producing a second question mark (0.355333ms)
✔ private presenter metadata is centralized and declared for both dual-screen D decks (0.123625ms)
✔ course library exposes the protected presenter to mentors without mixing it into the audience artifact (0.2015ms)
✔ all authenticated static entry routes redirect before rendering the old launch gate (0.49ms)
(node:27596) ExperimentalWarning: SQLite is an experimental feature and might change at any time
(Use `node --trace-warnings ...` to show where the warning was created)
✔ server editions persist complete immutable snapshots and old editions remain readable (11.181958ms)
✔ CAS concurrent and stale saves do not overwrite another mentor (10.981667ms)
✔ learner can read public text but cannot write; impersonation and observers cannot access editions (69.072458ms)
✔ base and field bounds reject invalid data, plain text is stored without executing HTML (9.076792ms)
✔ restoring original text is a new edition; decks and bases are isolated (11.841292ms)
✔ shared-v1 carries an edit across bases and reports changed or removed originals (7.562583ms)
✔ shared-v1 CAS is global across bases while decks remain isolated (98.549084ms)
✔ shared history supports explicit zero and immutable old reads (22.912375ms)
✔ legacy bases are retired after a shared edition exists (9.10825ms)
(node:27597) ExperimentalWarning: SQLite is an experimental feature and might change at any time
(Use `node --trace-warnings ...` to show where the warning was created)
✔ bundled product-mentor r2 is current while exact r0/r1 remain playable (70.422959ms)
✔ a production-style r0 registry upgrades to bundled r2 without rewriting r0 (116.468334ms)
✔ publishing r1 retains historical r0 while the default pointer becomes r1 (242.124584ms)
✔ Candidate and system fallback visibility remain fail-closed (0.123875ms)
✔ a directory bundle round-trips exact bytes and finalization is idempotent (25.488125ms)
✔ bundle validation rejects traversal, archives, private keys, bad chunks and incomplete uploads (8.133208ms)
✔ migration fails closed on mismatched legacy refs and installs immutable exact guards (11.355666ms)
✔ 120-minute P1/P2 upgrade adds new URLs without rewriting historical registry identities (251.142166ms)
✔ T-090 composes P history with a source-free D simulation without rewriting T-091 (6.237125ms)
✔ the D incident deck has twelve short R cards in the required 3/3/2/2/2 categories (1.609ms)
✔ D owns four stable checkpoints and an exact 18-slide courseware binding (1.318708ms)
✔ the frozen D courseware manifest binds the exact local 18-slide bytes (9.103041ms)
✔ DevelopmentStick is a concrete ten-field D artifact handed to M at B09 (1.860709ms)
✔ 2, 4 and 6 learners receive persistent identity-free two-card views (7.814958ms)
✔ T-090 validation fails closed across source, ownership, schema and exact-courseware boundaries (8.784292ms)
✔ T-091 keeps immutable bundled r0 intact and adds an importable Candidate (14.088042ms)
✔ Ele.me CasePackage and historical ScriptPackage have one explicit P owner (1.3815ms)
✔ all F cards are enumerated by the evidence revision and R/G/U copy keeps its boundary (1.799167ms)
✔ T-091 validator rejects incomplete or mis-owned content packages (3.860333ms)
✔ T-091 validator rejects invalid handoffs and duplicate schema kinds (4.992959ms)
✔ ProductBrief is a concrete 10-field P-owned artifact handed to D at B05 (1.036542ms)
✔ only the active mentor receives the current private script; D/M/O do not inherit P history (2.527375ms)
✔ declared P courseware exact ref fails closed without affecting other mentor toolkits (0.867292ms)
✔ T-091 machine inventory remains aligned with the auditable Candidate (1.348583ms)
✔ T-091 revalidation keeps P ownership and evidence boundaries in the T-095 unified Candidate (67.105625ms)
✔ T-119 keeps the form public while showing its archive entry only to staff (0.555833ms)
✔ T-119 keeps ten topics, gates part two, requires part one and removes image uploads (0.552958ms)
✔ T-119 explains the two-part homework and Silicon Valley coin rewards (0.103375ms)
✔ T-131 limits popup editing to real staff and preserves immutable revisions (22.584958ms)
(node:27603) ExperimentalWarning: SQLite is an experimental feature and might change at any time
(Use `node --trace-warnings ...` to show where the warning was created)
✔ T-119 requires the complete first part, ignores retired image fields and keeps independent submissions (11.991167ms)
✔ T-119 validates required identity, choices and input limits while preserving literal text (9.004125ms)
✔ T-119 submissions are append-only at the database boundary (28.19125ms)
✔ T-131 appends teacher revisions, exposes the latest snapshot and rejects stale saves (7.942292ms)
✔ T-124 publishes an incubator introduction and a direct two-project library (1.908166ms)
✔ T-124 exact runtime manifest admits every and only declared browser file (31.86775ms)
✔ T-124 projects are self-contained, branded, navigable and explicit about prototype scope (4.939709ms)
(node:27607) ExperimentalWarning: SQLite is an experimental feature and might change at any time
(Use `node --trace-warnings ...` to show where the warning was created)
✔ T-125 versions templates, freezes recipients and exact fields at delivery (13.847291ms)
✔ T-125 enforces learner/staff scope, required answers, feedback and closure (22.5905ms)
✔ T-125 blocks non-owner template edits while allowing admin override (10.500167ms)
✔ T-125 idempotency keys replay identical writes and reject altered payloads (9.522625ms)
✔ M user-system courseware is bound to its exact immutable bytes (2.364709ms)
✔ M user-system courseware contains 49 usable browser slides (1.301583ms)
✔ public summary accepts only a Released exact version and is an explicit allow-list (32.809292ms)
✔ public projection has no mutation path into CourseDefinition or the historical world (2.868875ms)
✔ anonymous catalog route reads only released public summaries (0.226375ms)
(node:27610) ExperimentalWarning: SQLite is an experimental feature and might change at any time
(Use `node --trace-warnings ...` to show where the warning was created)
✔ T-086 backfills the unlock frontier without touching activity or economy records (3.519209ms)
✔ T-086 migration is additive and contains no destructive data statement (0.144709ms)
✔ navigation baseline pages exist (0.414167ms)
✔ core navigation uses real href-capable anchors (1.483875ms)
✔ Console, Studio, editor and classroom return loops retain real hrefs (0.420875ms)
✔ course exact preview links and auth/account return paths are source-backed (0.179541ms)
✔ retired routes are not reintroduced as navigation hrefs (0.516125ms)
✔ T-109 separates the public website, teaching services and internal history (0.502166ms)
(node:27612) ExperimentalWarning: SQLite is an experimental feature and might change at any time
(Use `node --trace-warnings ...` to show where the warning was created)
✔ T-113 mentor partial search stays scoped while exact admission and Admin search remain available (15.665167ms)
✔ T-105 open registration creates only an active learner and no classroom membership (106.799375ms)
✔ the full direct-edit Course Studio replaces the regressed summary-card editor (3.987875ms)
✔ editor-loader script ordering and failure surface are explicit and deterministic (1.56375ms)
✔ the restored editor speaks only to the versioned Studio API (1.218167ms)
✔ T-094 editor surfaces immutable data identity and does not fabricate it for a Working Copy (0.298375ms)
✔ the browser projector renders the same full editor for 4 mentors plus dynamic N learners (4.698125ms)
✔ desktop editor CSS preserves the old three-column workbench and responsive no-overlap fallbacks (2.793ms)
✔ editor loader preloads all assets, executes in order, and is failure/duplicate safe (1.857834ms)
✔ editor init does not block catalog/course opening on release-info loading (0.6025ms)
✔ NavigationLink emits a native anchor and preserves exact identity query (3.224375ms)
✔ T-124 exposes a refreshable terminal shell and every agreed app route (2.651417ms)
✔ terminal clock uses the requested local YYYY.MM.DD HH:mm format (7.299292ms)
✔ T-124 implements real APIs, public-space privacy, wallet isolation and designed confirmations (5.092375ms)
(node:27616) ExperimentalWarning: SQLite is an experimental feature and might change at any time
(Use `node --trace-warnings ...` to show where the warning was created)
✔ T-124 distinguishes uninitialized and zero wallets, isolates TEST assets (41.603542ms)
✔ T-124 purchase is atomic, retry-safe and cannot double-own one decoration (8.891584ms)
✔ T-124 grants enforce classroom scope, idempotency and append-only reversal (10.988292ms)
✔ T-124 public space contains only explicit public copy (8.819541ms)
✔ duplicate id is reported (3.739834ms)
✔ bad filename and status (1.480834ms)
✔ missing numeric filename prefix (1.087125ms)
✔ dangling references and missing sequential ids are reported (2.040209ms)
✔ blocked items require an explicit reason (0.750417ms)
✔ open summary (1.024791ms)
ℹ tests 235
ℹ suites 0
ℹ pass 235
ℹ fail 0
ℹ cancelled 0
ℹ skipped 0
ℹ todo 0
ℹ duration_ms 5231.56375
